Component: ARM Compiler 6.11 Tool: armlink [5d3b3800]

==============================================================================

Memory Map of the image

  Image Entry point : 0x00000301

  Load Region LR_IROM1 (Base: 0x00000000, Size: 0x000068d8, Max: 0x00080000, ABSOLUTE)

    Execution Region ER_IROM0 (Base: 0x00000000, Size: 0x000000c4, Max: 0x000002fc, ABSOLUTE)

    Base Addr    Size         Type   Attr      Idx    E Section Name        Object

    0x00000000   0x000000c4   Data   RO        20840    RESET               BUILD/LPC1768/ARMC6/mbed-os/targets/TARGET_NXP/TARGET_LPC176X/device/TOOLCHAIN_ARM_STD/startup_LPC17xx.o


    Execution Region ER_CRP (Base: 0x000002fc, Size: 0x00000004, Max: 0x00000004, ABSOLUTE, FIXED)

    Base Addr    Size         Type   Attr      Idx    E Section Name        Object

    0x000002fc   0x00000004   Data   RO        20839    .CRPSection         BUILD/LPC1768/ARMC6/mbed-os/targets/TARGET_NXP/TARGET_LPC176X/device/CRP.o


    Execution Region ER_IROM1 (Base: 0x00000300, Size: 0x000064d8, Max: 0x0007fd00, ABSOLUTE, FIXED)

    Base Addr    Size         Type   Attr      Idx    E Section Name        Object

    0x00000300   0x00000008   Code   RO        22537  * !!!main             c:\Users\Equinox\AppData\Local\Mbed Studio\mbed-studio-tools\ac6\bin\..\lib\armlib\c_w.l(__main.o)
    0x00000308   0x00000034   Code   RO        23188    !!!scatter          c:\Users\Equinox\AppData\Local\Mbed Studio\mbed-studio-tools\ac6\bin\..\lib\armlib\c_w.l(__scatter.o)
    0x0000033c   0x0000001a   Code   RO        23190    !!handler_copy      c:\Users\Equinox\AppData\Local\Mbed Studio\mbed-studio-tools\ac6\bin\..\lib\armlib\c_w.l(__scatter_copy.o)
    0x00000356   0x00000002   PAD
    0x00000358   0x0000001c   Code   RO        23192    !!handler_zi        c:\Users\Equinox\AppData\Local\Mbed Studio\mbed-studio-tools\ac6\bin\..\lib\armlib\c_w.l(__scatter_zi.o)
    0x00000374   0x00000000   Code   RO        22410    .ARM.Collect$$_printf_percent$$00000000  c:\Users\Equinox\AppData\Local\Mbed Studio\mbed-studio-tools\ac6\bin\..\lib\armlib\c_w.l(_printf_percent.o)
    0x00000374   0x00000006   Code   RO        22750    .ARM.Collect$$_printf_percent$$00000001  c:\Users\Equinox\AppData\Local\Mbed Studio\mbed-studio-tools\ac6\bin\..\lib\armlib\c_w.l(_printf_n.o)
    0x0000037a   0x00000006   Code   RO        22406    .ARM.Collect$$_printf_percent$$00000002  c:\Users\Equinox\AppData\Local\Mbed Studio\mbed-studio-tools\ac6\bin\..\lib\armlib\c_w.l(_printf_p.o)
    0x00000380   0x00000006   Code   RO        22409    .ARM.Collect$$_printf_percent$$00000003  c:\Users\Equinox\AppData\Local\Mbed Studio\mbed-studio-tools\ac6\bin\..\lib\armlib\c_w.l(_printf_f.o)
    0x00000386   0x00000006   Code   RO        22753    .ARM.Collect$$_printf_percent$$00000004  c:\Users\Equinox\AppData\Local\Mbed Studio\mbed-studio-tools\ac6\bin\..\lib\armlib\c_w.l(_printf_e.o)
    0x0000038c   0x00000006   Code   RO        22754    .ARM.Collect$$_printf_percent$$00000005  c:\Users\Equinox\AppData\Local\Mbed Studio\mbed-studio-tools\ac6\bin\..\lib\armlib\c_w.l(_printf_g.o)
    0x00000392   0x00000006   Code   RO        22755    .ARM.Collect$$_printf_percent$$00000006  c:\Users\Equinox\AppData\Local\Mbed Studio\mbed-studio-tools\ac6\bin\..\lib\armlib\c_w.l(_printf_a.o)
    0x00000398   0x0000000a   Code   RO        22760    .ARM.Collect$$_printf_percent$$00000007  c:\Users\Equinox\AppData\Local\Mbed Studio\mbed-studio-tools\ac6\bin\..\lib\armlib\c_w.l(_printf_ll.o)
    0x000003a2   0x00000006   Code   RO        22752    .ARM.Collect$$_printf_percent$$00000008  c:\Users\Equinox\AppData\Local\Mbed Studio\mbed-studio-tools\ac6\bin\..\lib\armlib\c_w.l(_printf_i.o)
    0x000003a8   0x00000006   Code   RO        22407    .ARM.Collect$$_printf_percent$$00000009  c:\Users\Equinox\AppData\Local\Mbed Studio\mbed-studio-tools\ac6\bin\..\lib\armlib\c_w.l(_printf_d.o)
    0x000003ae   0x00000006   Code   RO        22408    .ARM.Collect$$_printf_percent$$0000000A  c:\Users\Equinox\AppData\Local\Mbed Studio\mbed-studio-tools\ac6\bin\..\lib\armlib\c_w.l(_printf_u.o)
    0x000003b4   0x00000006   Code   RO        22751    .ARM.Collect$$_printf_percent$$0000000B  c:\Users\Equinox\AppData\Local\Mbed Studio\mbed-studio-tools\ac6\bin\..\lib\armlib\c_w.l(_printf_o.o)
    0x000003ba   0x00000006   Code   RO        22405    .ARM.Collect$$_printf_percent$$0000000C  c:\Users\Equinox\AppData\Local\Mbed Studio\mbed-studio-tools\ac6\bin\..\lib\armlib\c_w.l(_printf_x.o)
    0x000003c0   0x00000006   Code   RO        22757    .ARM.Collect$$_printf_percent$$0000000D  c:\Users\Equinox\AppData\Local\Mbed Studio\mbed-studio-tools\ac6\bin\..\lib\armlib\c_w.l(_printf_lli.o)
    0x000003c6   0x00000006   Code   RO        22758    .ARM.Collect$$_printf_percent$$0000000E  c:\Users\Equinox\AppData\Local\Mbed Studio\mbed-studio-tools\ac6\bin\..\lib\armlib\c_w.l(_printf_lld.o)
    0x000003cc   0x00000006   Code   RO        22759    .ARM.Collect$$_printf_percent$$0000000F  c:\Users\Equinox\AppData\Local\Mbed Studio\mbed-studio-tools\ac6\bin\..\lib\armlib\c_w.l(_printf_llu.o)
    0x000003d2   0x00000006   Code   RO        22764    .ARM.Collect$$_printf_percent$$00000010  c:\Users\Equinox\AppData\Local\Mbed Studio\mbed-studio-tools\ac6\bin\..\lib\armlib\c_w.l(_printf_llo.o)
    0x000003d8   0x00000006   Code   RO        22765    .ARM.Collect$$_printf_percent$$00000011  c:\Users\Equinox\AppData\Local\Mbed Studio\mbed-studio-tools\ac6\bin\..\lib\armlib\c_w.l(_printf_llx.o)
    0x000003de   0x0000000a   Code   RO        22761    .ARM.Collect$$_printf_percent$$00000012  c:\Users\Equinox\AppData\Local\Mbed Studio\mbed-studio-tools\ac6\bin\..\lib\armlib\c_w.l(_printf_l.o)
    0x000003e8   0x00000006   Code   RO        22403    .ARM.Collect$$_printf_percent$$00000013  c:\Users\Equinox\AppData\Local\Mbed Studio\mbed-studio-tools\ac6\bin\..\lib\armlib\c_w.l(_printf_c.o)
    0x000003ee   0x00000006   Code   RO        22404    .ARM.Collect$$_printf_percent$$00000014  c:\Users\Equinox\AppData\Local\Mbed Studio\mbed-studio-tools\ac6\bin\..\lib\armlib\c_w.l(_printf_s.o)
    0x000003f4   0x00000006   Code   RO        22762    .ARM.Collect$$_printf_percent$$00000015  c:\Users\Equinox\AppData\Local\Mbed Studio\mbed-studio-tools\ac6\bin\..\lib\armlib\c_w.l(_printf_lc.o)
    0x000003fa   0x00000006   Code   RO        22763    .ARM.Collect$$_printf_percent$$00000016  c:\Users\Equinox\AppData\Local\Mbed Studio\mbed-studio-tools\ac6\bin\..\lib\armlib\c_w.l(_printf_ls.o)
    0x00000400   0x00000004   Code   RO        22756    .ARM.Collect$$_printf_percent$$00000017  c:\Users\Equinox\AppData\Local\Mbed Studio\mbed-studio-tools\ac6\bin\..\lib\armlib\c_w.l(_printf_percent_end.o)
    0x00000404   0x00000002   Code   RO        22536    .ARM.Collect$$libinit$$00000000  c:\Users\Equinox\AppData\Local\Mbed Studio\mbed-studio-tools\ac6\bin\..\lib\armlib\c_w.l(libinit.o)
    0x00000406   0x00000000   Code   RO        22820    .ARM.Collect$$libinit$$00000002  c:\Users\Equinox\AppData\Local\Mbed Studio\mbed-studio-tools\ac6\bin\..\lib\armlib\c_w.l(libinit2.o)
    0x00000406   0x00000000   Code   RO        22822    .ARM.Collect$$libinit$$00000004  c:\Users\Equinox\AppData\Local\Mbed Studio\mbed-studio-tools\ac6\bin\..\lib\armlib\c_w.l(libinit2.o)
    0x00000406   0x00000008   Code   RO        22823    .ARM.Collect$$libinit$$00000005  c:\Users\Equinox\AppData\Local\Mbed Studio\mbed-studio-tools\ac6\bin\..\lib\armlib\c_w.l(libinit2.o)
    0x0000040e   0x00000000   Code   RO        22825    .ARM.Collect$$libinit$$0000000A  c:\Users\Equinox\AppData\Local\Mbed Studio\mbed-studio-tools\ac6\bin\..\lib\armlib\c_w.l(libinit2.o)
    0x0000040e   0x00000000   Code   RO        22827    .ARM.Collect$$libinit$$0000000C  c:\Users\Equinox\AppData\Local\Mbed Studio\mbed-studio-tools\ac6\bin\..\lib\armlib\c_w.l(libinit2.o)
    0x0000040e   0x00000000   Code   RO        22829    .ARM.Collect$$libinit$$0000000E  c:\Users\Equinox\AppData\Local\Mbed Studio\mbed-studio-tools\ac6\bin\..\lib\armlib\c_w.l(libinit2.o)
    0x0000040e   0x00000006   Code   RO        22830    .ARM.Collect$$libinit$$0000000F  c:\Users\Equinox\AppData\Local\Mbed Studio\mbed-studio-tools\ac6\bin\..\lib\armlib\c_w.l(libinit2.o)
    0x00000414   0x00000000   Code   RO        22832    .ARM.Collect$$libinit$$00000011  c:\Users\Equinox\AppData\Local\Mbed Studio\mbed-studio-tools\ac6\bin\..\lib\armlib\c_w.l(libinit2.o)
    0x00000414   0x0000000c   Code   RO        22833    .ARM.Collect$$libinit$$00000012  c:\Users\Equinox\AppData\Local\Mbed Studio\mbed-studio-tools\ac6\bin\..\lib\armlib\c_w.l(libinit2.o)
    0x00000420   0x00000000   Code   RO        22834    .ARM.Collect$$libinit$$00000013  c:\Users\Equinox\AppData\Local\Mbed Studio\mbed-studio-tools\ac6\bin\..\lib\armlib\c_w.l(libinit2.o)
    0x00000420   0x00000000   Code   RO        22836    .ARM.Collect$$libinit$$00000015  c:\Users\Equinox\AppData\Local\Mbed Studio\mbed-studio-tools\ac6\bin\..\lib\armlib\c_w.l(libinit2.o)
    0x00000420   0x0000000a   Code   RO        22837    .ARM.Collect$$libinit$$00000016  c:\Users\Equinox\AppData\Local\Mbed Studio\mbed-studio-tools\ac6\bin\..\lib\armlib\c_w.l(libinit2.o)
    0x0000042a   0x00000000   Code   RO        22838    .ARM.Collect$$libinit$$00000017  c:\Users\Equinox\AppData\Local\Mbed Studio\mbed-studio-tools\ac6\bin\..\lib\armlib\c_w.l(libinit2.o)
    0x0000042a   0x00000000   Code   RO        22840    .ARM.Collect$$libinit$$00000019  c:\Users\Equinox\AppData\Local\Mbed Studio\mbed-studio-tools\ac6\bin\..\lib\armlib\c_w.l(libinit2.o)
    0x0000042a   0x00000000   Code   RO        22842    .ARM.Collect$$libinit$$0000001B  c:\Users\Equinox\AppData\Local\Mbed Studio\mbed-studio-tools\ac6\bin\..\lib\armlib\c_w.l(libinit2.o)
    0x0000042a   0x00000000   Code   RO        22844    .ARM.Collect$$libinit$$0000001D  c:\Users\Equinox\AppData\Local\Mbed Studio\mbed-studio-tools\ac6\bin\..\lib\armlib\c_w.l(libinit2.o)
    0x0000042a   0x00000000   Code   RO        22846    .ARM.Collect$$libinit$$0000001F  c:\Users\Equinox\AppData\Local\Mbed Studio\mbed-studio-tools\ac6\bin\..\lib\armlib\c_w.l(libinit2.o)
    0x0000042a   0x00000000   Code   RO        22848    .ARM.Collect$$libinit$$00000021  c:\Users\Equinox\AppData\Local\Mbed Studio\mbed-studio-tools\ac6\bin\..\lib\armlib\c_w.l(libinit2.o)
    0x0000042a   0x00000000   Code   RO        22850    .ARM.Collect$$libinit$$00000023  c:\Users\Equinox\AppData\Local\Mbed Studio\mbed-studio-tools\ac6\bin\..\lib\armlib\c_w.l(libinit2.o)
    0x0000042a   0x00000004   Code   RO        22851    .ARM.Collect$$libinit$$00000024  c:\Users\Equinox\AppData\Local\Mbed Studio\mbed-studio-tools\ac6\bin\..\lib\armlib\c_w.l(libinit2.o)
    0x0000042e   0x00000000   Code   RO        22852    .ARM.Collect$$libinit$$00000025  c:\Users\Equinox\AppData\Local\Mbed Studio\mbed-studio-tools\ac6\bin\..\lib\armlib\c_w.l(libinit2.o)
    0x0000042e   0x00000000   Code   RO        22856    .ARM.Collect$$libinit$$0000002C  c:\Users\Equinox\AppData\Local\Mbed Studio\mbed-studio-tools\ac6\bin\..\lib\armlib\c_w.l(libinit2.o)
    0x0000042e   0x00000000   Code   RO        22858    .ARM.Collect$$libinit$$0000002E  c:\Users\Equinox\AppData\Local\Mbed Studio\mbed-studio-tools\ac6\bin\..\lib\armlib\c_w.l(libinit2.o)
    0x0000042e   0x00000000   Code   RO        22860    .ARM.Collect$$libinit$$00000030  c:\Users\Equinox\AppData\Local\Mbed Studio\mbed-studio-tools\ac6\bin\..\lib\armlib\c_w.l(libinit2.o)
    0x0000042e   0x00000000   Code   RO        22862    .ARM.Collect$$libinit$$00000032  c:\Users\Equinox\AppData\Local\Mbed Studio\mbed-studio-tools\ac6\bin\..\lib\armlib\c_w.l(libinit2.o)
    0x0000042e   0x00000002   Code   RO        22863    .ARM.Collect$$libinit$$00000033  c:\Users\Equinox\AppData\Local\Mbed Studio\mbed-studio-tools\ac6\bin\..\lib\armlib\c_w.l(libinit2.o)
    0x00000430   0x00000000   Code   RO        23033    .ARM.Collect$$libshutdown$$00000004  c:\Users\Equinox\AppData\Local\Mbed Studio\mbed-studio-tools\ac6\bin\..\lib\armlib\c_w.l(libshutdown2.o)
    0x00000430   0x00000000   Code   RO        23044    .ARM.Collect$$libshutdown$$0000000F  c:\Users\Equinox\AppData\Local\Mbed Studio\mbed-studio-tools\ac6\bin\..\lib\armlib\c_w.l(libshutdown2.o)
    0x00000430   0x000000c4   Code   RO        19437    .text               BUILD/LPC1768/ARMC6/mbed-os/platform/TARGET_CORTEX_M/TOOLCHAIN_ARM/except.o
    0x000004f4   0x00000094   Code   RO        20190    .text               BUILD/LPC1768/ARMC6/mbed-os/rtos/TARGET_CORTEX/rtx5/RTX/Source/TOOLCHAIN_ARM/TARGET_M3/irq_cm3.o
    0x00000588   0x00000024   Code   RO        20841    .text               BUILD/LPC1768/ARMC6/mbed-os/targets/TARGET_NXP/TARGET_LPC176X/device/TOOLCHAIN_ARM_STD/startup_LPC17xx.o
    0x000005ac   0x00000002   Code   RO        22257    .text               c:\Users\Equinox\AppData\Local\Mbed Studio\mbed-studio-tools\ac6\bin\..\lib\armlib\c_w.l(use_no_semi_2.o)
    0x000005ae   0x00000002   PAD
    0x000005b0   0x00000010   Code   RO        22259    .text               c:\Users\Equinox\AppData\Local\Mbed Studio\mbed-studio-tools\ac6\bin\..\lib\armlib\c_w.l(rt_ctype_table.o)
    0x000005c0   0x00000004   Code   RO        22266    .text               c:\Users\Equinox\AppData\Local\Mbed Studio\mbed-studio-tools\ac6\bin\..\lib\armlib\c_w.l(rt_errno_addr_twolibspace.o)
    0x000005c4   0x0000009e   Code   RO        22278    .text               c:\Users\Equinox\AppData\Local\Mbed Studio\mbed-studio-tools\ac6\bin\..\lib\armlib\c_w.l(h1_alloc_mt.o)
    0x00000662   0x00000076   Code   RO        22280    .text               c:\Users\Equinox\AppData\Local\Mbed Studio\mbed-studio-tools\ac6\bin\..\lib\armlib\c_w.l(h1_free_mt.o)
    0x000006d8   0x000000ee   Code   RO        22332    .text               c:\Users\Equinox\AppData\Local\Mbed Studio\mbed-studio-tools\ac6\bin\..\lib\armlib\c_w.l(lludivv7m.o)
    0x000007c6   0x00000002   PAD
    0x000007c8   0x00000034   Code   RO        22340    .text               c:\Users\Equinox\AppData\Local\Mbed Studio\mbed-studio-tools\ac6\bin\..\lib\armlib\c_w.l(vsnprintf.o)
    0x000007fc   0x0000004e   Code   RO        22356    .text               c:\Users\Equinox\AppData\Local\Mbed Studio\mbed-studio-tools\ac6\bin\..\lib\armlib\c_w.l(_printf_pad.o)
    0x0000084a   0x00000052   Code   RO        22358    .text               c:\Users\Equinox\AppData\Local\Mbed Studio\mbed-studio-tools\ac6\bin\..\lib\armlib\c_w.l(_printf_str.o)
    0x0000089c   0x00000078   Code   RO        22360    .text               c:\Users\Equinox\AppData\Local\Mbed Studio\mbed-studio-tools\ac6\bin\..\lib\armlib\c_w.l(_printf_dec.o)
    0x00000914   0x00000094   Code   RO        22380    .text               c:\Users\Equinox\AppData\Local\Mbed Studio\mbed-studio-tools\ac6\bin\..\lib\armlib\c_w.l(_printf_hex_int_ll_ptr.o)
    0x000009a8   0x00000188   Code   RO        22400    .text               c:\Users\Equinox\AppData\Local\Mbed Studio\mbed-studio-tools\ac6\bin\..\lib\armlib\c_w.l(__printf_flags_ss_wp.o)
    0x00000b30   0x0000014c   Code   RO        22417    .text               c:\Users\Equinox\AppData\Local\Mbed Studio\mbed-studio-tools\ac6\bin\..\lib\armlib\c_w.l(_scanf_int.o)
    0x00000c7c   0x000000f8   Code   RO        22445    .text               c:\Users\Equinox\AppData\Local\Mbed Studio\mbed-studio-tools\ac6\bin\..\lib\armlib\c_w.l(fseek.o)
    0x00000d74   0x0000004c   Code   RO        22463    .text               c:\Users\Equinox\AppData\Local\Mbed Studio\mbed-studio-tools\ac6\bin\..\lib\armlib\c_w.l(fclose.o)
    0x00000dc0   0x00000090   Code   RO        22473    .text               c:\Users\Equinox\AppData\Local\Mbed Studio\mbed-studio-tools\ac6\bin\..\lib\armlib\c_w.l(fflush_locked.o)
    0x00000e50   0x00000144   Code   RO        22475    .text               c:\Users\Equinox\AppData\Local\Mbed Studio\mbed-studio-tools\ac6\bin\..\lib\armlib\c_w.l(fopen_locked.o)
    0x00000f94   0x0000001c   Code   RO        22491    .text               c:\Users\Equinox\AppData\Local\Mbed Studio\mbed-studio-tools\ac6\bin\..\lib\armlib\c_w.l(strspn.o)
    0x00000fb0   0x00000058   Code   RO        22495    .text               c:\Users\Equinox\AppData\Local\Mbed Studio\mbed-studio-tools\ac6\bin\..\lib\armlib\c_w.l(memcmp.o)
    0x00001008   0x0000003e   Code   RO        22499    .text               c:\Users\Equinox\AppData\Local\Mbed Studio\mbed-studio-tools\ac6\bin\..\lib\armlib\c_w.l(strlen.o)
    0x00001046   0x0000008a   Code   RO        22507    .text               c:\Users\Equinox\AppData\Local\Mbed Studio\mbed-studio-tools\ac6\bin\..\lib\armlib\c_w.l(rt_memcpy_v6.o)
    0x000010d0   0x00000064   Code   RO        22511    .text               c:\Users\Equinox\AppData\Local\Mbed Studio\mbed-studio-tools\ac6\bin\..\lib\armlib\c_w.l(rt_memcpy_w.o)
    0x00001134   0x00000044   Code   RO        22521    .text               c:\Users\Equinox\AppData\Local\Mbed Studio\mbed-studio-tools\ac6\bin\..\lib\armlib\c_w.l(rt_memclr.o)
    0x00001178   0x0000004e   Code   RO        22523    .text               c:\Users\Equinox\AppData\Local\Mbed Studio\mbed-studio-tools\ac6\bin\..\lib\armlib\c_w.l(rt_memclr_w.o)
    0x000011c6   0x00000002   PAD
    0x000011c8   0x00000080   Code   RO        22527    .text               c:\Users\Equinox\AppData\Local\Mbed Studio\mbed-studio-tools\ac6\bin\..\lib\armlib\c_w.l(strcmpv7m.o)
    0x00001248   0x00000006   Code   RO        22534    .text               c:\Users\Equinox\AppData\Local\Mbed Studio\mbed-studio-tools\ac6\bin\..\lib\armlib\c_w.l(heapauxi.o)
    0x0000124e   0x00000002   PAD
    0x00001250   0x00000008   Code   RO        22672    .text               c:\Users\Equinox\AppData\Local\Mbed Studio\mbed-studio-tools\ac6\bin\..\lib\armlib\c_w.l(libspace.o)
    0x00001258   0x00000002   Code   RO        22675    .text               c:\Users\Equinox\AppData\Local\Mbed Studio\mbed-studio-tools\ac6\bin\..\lib\armlib\c_w.l(use_no_semi.o)
    0x0000125a   0x0000000a   Code   RO        22686    .text               c:\Users\Equinox\AppData\Local\Mbed Studio\mbed-studio-tools\ac6\bin\..\lib\armlib\c_w.l(rt_heap_descriptor_twolibspace.o)
    0x00001264   0x0000000a   Code   RO        22693    .text               c:\Users\Equinox\AppData\Local\Mbed Studio\mbed-studio-tools\ac6\bin\..\lib\armlib\c_w.l(rt_locale_twolibspace.o)
    0x0000126e   0x00000004   Code   RO        22695    .text               c:\Users\Equinox\AppData\Local\Mbed Studio\mbed-studio-tools\ac6\bin\..\lib\armlib\c_w.l(hguard.o)
    0x00001272   0x0000008a   Code   RO        22697    .text               c:\Users\Equinox\AppData\Local\Mbed Studio\mbed-studio-tools\ac6\bin\..\lib\armlib\c_w.l(init_alloc.o)
    0x000012fc   0x00000012   Code   RO        22705    .text               c:\Users\Equinox\AppData\Local\Mbed Studio\mbed-studio-tools\ac6\bin\..\lib\armlib\c_w.l(h1_init_mt.o)
    0x0000130e   0x00000024   Code   RO        22719    .text               c:\Users\Equinox\AppData\Local\Mbed Studio\mbed-studio-tools\ac6\bin\..\lib\armlib\c_w.l(_printf_truncate.o)
    0x00001332   0x000000b2   Code   RO        22721    .text               c:\Users\Equinox\AppData\Local\Mbed Studio\mbed-studio-tools\ac6\bin\..\lib\armlib\c_w.l(_printf_intcommon.o)
    0x000013e4   0x00000028   Code   RO        22723    .text               c:\Users\Equinox\AppData\Local\Mbed Studio\mbed-studio-tools\ac6\bin\..\lib\armlib\c_w.l(_printf_charcount.o)
    0x0000140c   0x0000041c   Code   RO        22725    .text               c:\Users\Equinox\AppData\Local\Mbed Studio\mbed-studio-tools\ac6\bin\..\lib\armlib\c_w.l(_printf_fp_dec.o)
    0x00001828   0x00000030   Code   RO        22729    .text               c:\Users\Equinox\AppData\Local\Mbed Studio\mbed-studio-tools\ac6\bin\..\lib\armlib\c_w.l(_printf_char_common.o)
    0x00001858   0x0000000a   Code   RO        22731    .text               c:\Users\Equinox\AppData\Local\Mbed Studio\mbed-studio-tools\ac6\bin\..\lib\armlib\c_w.l(_sputc.o)
    0x00001862   0x00000010   Code   RO        22733    .text               c:\Users\Equinox\AppData\Local\Mbed Studio\mbed-studio-tools\ac6\bin\..\lib\armlib\c_w.l(_snputc.o)
    0x00001872   0x0000002c   Code   RO        22735    .text               c:\Users\Equinox\AppData\Local\Mbed Studio\mbed-studio-tools\ac6\bin\..\lib\armlib\c_w.l(_printf_char.o)
    0x0000189e   0x00000002   PAD
    0x000018a0   0x000000bc   Code   RO        22739    .text               c:\Users\Equinox\AppData\Local\Mbed Studio\mbed-studio-tools\ac6\bin\..\lib\armlib\c_w.l(_printf_wctomb.o)
    0x0000195c   0x0000007c   Code   RO        22742    .text               c:\Users\Equinox\AppData\Local\Mbed Studio\mbed-studio-tools\ac6\bin\..\lib\armlib\c_w.l(_printf_longlong_dec.o)
    0x000019d8   0x00000070   Code   RO        22748    .text               c:\Users\Equinox\AppData\Local\Mbed Studio\mbed-studio-tools\ac6\bin\..\lib\armlib\c_w.l(_printf_oct_int_ll.o)
    0x00001a48   0x0000001c   Code   RO        22766    .text               c:\Users\Equinox\AppData\Local\Mbed Studio\mbed-studio-tools\ac6\bin\..\lib\armlib\c_w.l(_chval.o)
    0x00001a64   0x00000042   Code   RO        22790    .text               c:\Users\Equinox\AppData\Local\Mbed Studio\mbed-studio-tools\ac6\bin\..\lib\armlib\c_w.l(ftell.o)
    0x00001aa6   0x00000002   PAD
    0x00001aa8   0x000000f0   Code   RO        22794    .text               c:\Users\Equinox\AppData\Local\Mbed Studio\mbed-studio-tools\ac6\bin\..\lib\armlib\c_w.l(stdio.o)
    0x00001b98   0x00000068   Code   RO        22801    .text               c:\Users\Equinox\AppData\Local\Mbed Studio\mbed-studio-tools\ac6\bin\..\lib\armlib\c_w.l(setvbuf_locked.o)
    0x00001c00   0x000001c8   Code   RO        22803    .text               c:\Users\Equinox\AppData\Local\Mbed Studio\mbed-studio-tools\ac6\bin\..\lib\armlib\c_w.l(initio_locked.o)
    0x00001dc8   0x00000000   Code   RO        22923    .text               c:\Users\Equinox\AppData\Local\Mbed Studio\mbed-studio-tools\ac6\bin\..\lib\armlib\c_w.l(maybetermalloc2.o)
    0x00001dc8   0x0000003e   Code   RO        22926    .text               c:\Users\Equinox\AppData\Local\Mbed Studio\mbed-studio-tools\ac6\bin\..\lib\armlib\c_w.l(h1_extend_mt.o)
    0x00001e06   0x0000008a   Code   RO        22928    .text               c:\Users\Equinox\AppData\Local\Mbed Studio\mbed-studio-tools\ac6\bin\..\lib\armlib\c_w.l(lludiv10.o)
    0x00001e90   0x000002fc   Code   RO        22930    .text               c:\Users\Equinox\AppData\Local\Mbed Studio\mbed-studio-tools\ac6\bin\..\lib\armlib\c_w.l(_printf_fp_hex.o)
    0x0000218c   0x00000080   Code   RO        22933    .text               c:\Users\Equinox\AppData\Local\Mbed Studio\mbed-studio-tools\ac6\bin\..\lib\armlib\c_w.l(_printf_fp_infnan.o)
    0x0000220c   0x0000002c   Code   RO        22939    .text               c:\Users\Equinox\AppData\Local\Mbed Studio\mbed-studio-tools\ac6\bin\..\lib\armlib\c_w.l(_printf_wchar.o)
    0x00002238   0x000000e4   Code   RO        22953    .text               c:\Users\Equinox\AppData\Local\Mbed Studio\mbed-studio-tools\ac6\bin\..\lib\armlib\c_w.l(bigflt0.o)
    0x0000231c   0x00000048   Code   RO        23006    .text               c:\Users\Equinox\AppData\Local\Mbed Studio\mbed-studio-tools\ac6\bin\..\lib\armlib\c_w.l(_c16rtomb.o)
    0x00002364   0x0000000e   Code   RO        23015    .text               c:\Users\Equinox\AppData\Local\Mbed Studio\mbed-studio-tools\ac6\bin\..\lib\armlib\c_w.l(defsig_rtred_outer.o)
    0x00002372   0x0000000e   Code   RO        23019    .text               c:\Users\Equinox\AppData\Local\Mbed Studio\mbed-studio-tools\ac6\bin\..\lib\armlib\c_w.l(defsig_rtmem_outer.o)
    0x00002380   0x00000010   Code   RO        23071    .text               c:\Users\Equinox\AppData\Local\Mbed Studio\mbed-studio-tools\ac6\bin\..\lib\armlib\c_w.l(term_alloc.o)
    0x00002390   0x0000000a   Code   RO        23082    .text               c:\Users\Equinox\AppData\Local\Mbed Studio\mbed-studio-tools\ac6\bin\..\lib\armlib\c_w.l(defsig_exit.o)
    0x0000239a   0x00000002   PAD
    0x0000239c   0x00000034   Code   RO        23090    .text               c:\Users\Equinox\AppData\Local\Mbed Studio\mbed-studio-tools\ac6\bin\..\lib\armlib\c_w.l(defsig_rtred_inner.o)
    0x000023d0   0x00000050   Code   RO        23092    .text               c:\Users\Equinox\AppData\Local\Mbed Studio\mbed-studio-tools\ac6\bin\..\lib\armlib\c_w.l(defsig_rtmem_inner.o)
    0x00002420   0x0000000a   Code   RO        23116    .text               c:\Users\Equinox\AppData\Local\Mbed Studio\mbed-studio-tools\ac6\bin\..\lib\armlib\c_w.l(h1_final_mt.o)
    0x0000242a   0x00000032   Code   RO        23128    .text               c:\Users\Equinox\AppData\Local\Mbed Studio\mbed-studio-tools\ac6\bin\..\lib\armlib\c_w.l(defsig_general.o)
    0x0000245c   0x0000002c   Code   RO        19752    .text.$Sub$$__rt_lib_init  BUILD/LPC1768/ARMC6/mbed-os/platform/mbed_retarget.o
    0x00002488   0x00000002   Code   RO        20235    .text.EvrRtxKernelError  BUILD/LPC1768/ARMC6/mbed-os/rtos/TARGET_CORTEX/rtx5/RTX/Source/rtx_evr.o
    0x0000248a   0x00000002   Code   RO        20259    .text.EvrRtxMessageQueueError  BUILD/LPC1768/ARMC6/mbed-os/rtos/TARGET_CORTEX/rtx5/RTX/Source/rtx_evr.o
    0x0000248c   0x00000002   Code   RO        20253    .text.EvrRtxMutexError  BUILD/LPC1768/ARMC6/mbed-os/rtos/TARGET_CORTEX/rtx5/RTX/Source/rtx_evr.o
    0x0000248e   0x00000002   Code   RO        20237    .text.EvrRtxThreadError  BUILD/LPC1768/ARMC6/mbed-os/rtos/TARGET_CORTEX/rtx5/RTX/Source/rtx_evr.o
    0x00002490   0x00000018   Code   RO        20128    .text.EvrRtxThreadExit  BUILD/LPC1768/ARMC6/mbed-os/rtos/TARGET_CORTEX/mbed_rtx_handlers.o
    0x000024a8   0x00000044   Code   RO        20426    .text.MessageQueueGet  BUILD/LPC1768/ARMC6/mbed-os/rtos/TARGET_CORTEX/rtx5/RTX/Source/rtx_msgqueue.o
    0x000024ec   0x00000066   Code   RO        20420    .text.MessageQueuePut  BUILD/LPC1768/ARMC6/mbed-os/rtos/TARGET_CORTEX/rtx5/RTX/Source/rtx_msgqueue.o
    0x00002552   0x0000001c   Code   RO        20418    .text.MessageQueueRemove  BUILD/LPC1768/ARMC6/mbed-os/rtos/TARGET_CORTEX/rtx5/RTX/Source/rtx_msgqueue.o
    0x0000256e   0x00000002   PAD
    0x00002570   0x00000008   Code   RO        20660    .text.OS_Tick_AcknowledgeIRQ  BUILD/LPC1768/ARMC6/mbed-os/rtos/TARGET_CORTEX/rtx5/Source/os_systick.o
    0x00002578   0x00000024   Code   RO        20656    .text.OS_Tick_Enable  BUILD/LPC1768/ARMC6/mbed-os/rtos/TARGET_CORTEX/rtx5/Source/os_systick.o
    0x0000259c   0x00000006   Code   RO        20662    .text.OS_Tick_GetIRQn  BUILD/LPC1768/ARMC6/mbed-os/rtos/TARGET_CORTEX/rtx5/Source/os_systick.o
    0x000025a2   0x00000002   PAD
    0x000025a4   0x00000040   Code   RO        20654    .text.OS_Tick_Setup  BUILD/LPC1768/ARMC6/mbed-os/rtos/TARGET_CORTEX/rtx5/Source/os_systick.o
    0x000025e4   0x0000009c   Code   RO        20868    .text.SystemInit    BUILD/LPC1768/ARMC6/mbed-os/targets/TARGET_NXP/TARGET_LPC176X/device/system_LPC17xx.o
    0x00002680   0x0000006c   Code   RO        20576    .text.ThreadFlagsCheck  BUILD/LPC1768/ARMC6/mbed-os/rtos/TARGET_CORTEX/rtx5/RTX/Source/rtx_thread.o
    0x000026ec   0x00000050   Code   RO        20637    .text.TimerInsert   BUILD/LPC1768/ARMC6/mbed-os/rtos/TARGET_CORTEX/rtx5/RTX/Source/rtx_timer.o
    0x0000273c   0x00000014   Code   RO        16882    .text._ZL14singleton_lockv  BUILD/LPC1768/ARMC6/mbed-os/features/netsocket/nsapi_dns.o
    0x00002750   0x00000014   Code   RO        19816    .text._ZL14singleton_lockv  BUILD/LPC1768/ARMC6/mbed-os/platform/mbed_retarget.o
    0x00002764   0x00000010   Code   RO        16884    .text._ZL16singleton_unlockv  BUILD/LPC1768/ARMC6/mbed-os/features/netsocket/nsapi_dns.o
    0x00002774   0x00000014   Code   RO        19818    .text._ZL16singleton_unlockv  BUILD/LPC1768/ARMC6/mbed-os/platform/mbed_retarget.o
    0x00002788   0x0000001a   Code   RO        20136    .text._ZL17default_idle_hookv  BUILD/LPC1768/ARMC6/mbed-os/rtos/TARGET_CORTEX/mbed_rtx_idle.o
    0x000027a2   0x00000002   PAD
    0x000027a4   0x00000018   Code   RO        19718    .text._ZL18handle_open_errorsij  BUILD/LPC1768/ARMC6/mbed-os/platform/mbed_retarget.o
    0x000027bc   0x00000050   Code   RO        19704    .text._ZL18reserve_filehandlev  BUILD/LPC1768/ARMC6/mbed-os/platform/mbed_retarget.o
    0x0000280c   0x00000018   Code   RO        19688    .text._ZN12DirectSerial4readEPvj  BUILD/LPC1768/ARMC6/mbed-os/platform/mbed_retarget.o
    0x00002824   0x00000006   Code   RO        19862    .text._ZN12DirectSerial4seekEli  BUILD/LPC1768/ARMC6/mbed-os/platform/mbed_retarget.o
    0x0000282a   0x00000006   Code   RO        19868    .text._ZN12DirectSerial4sizeEv  BUILD/LPC1768/ARMC6/mbed-os/platform/mbed_retarget.o
    0x00002830   0x00000004   Code   RO        19864    .text._ZN12DirectSerial5closeEv  BUILD/LPC1768/ARMC6/mbed-os/platform/mbed_retarget.o
    0x00002834   0x00000020   Code   RO        19686    .text._ZN12DirectSerial5writeEPKvj  BUILD/LPC1768/ARMC6/mbed-os/platform/mbed_retarget.o
    0x00002854   0x00000004   Code   RO        19866    .text._ZN12DirectSerial6isattyEv  BUILD/LPC1768/ARMC6/mbed-os/platform/mbed_retarget.o
    0x00002858   0x00000030   Code   RO        19684    .text._ZN12DirectSerialC2E7PinNameS0_i  BUILD/LPC1768/ARMC6/mbed-os/platform/mbed_retarget.o
    0x00002888   0x00000004   Code   RO        19860    .text._ZN12DirectSerialD0Ev  BUILD/LPC1768/ARMC6/mbed-os/platform/mbed_retarget.o
    0x0000288c   0x00000006   Code   RO           98    .text._ZN4mbed10FileHandle12enable_inputEb  BUILD/LPC1768/ARMC6/TextLCD/TextLCD.o
    0x00002892   0x0000000c   Code   RO           94    .text._ZN4mbed10FileHandle12set_blockingEb  BUILD/LPC1768/ARMC6/TextLCD/TextLCD.o
    0x0000289e   0x00000006   Code   RO          100    .text._ZN4mbed10FileHandle13enable_outputEb  BUILD/LPC1768/ARMC6/TextLCD/TextLCD.o
    0x000028a4   0x00000006   Code   RO           92    .text._ZN4mbed10FileHandle4flenEv  BUILD/LPC1768/ARMC6/TextLCD/TextLCD.o
    0x000028aa   0x00000004   Code   RO        19273    .text._ZN4mbed10FileHandle4syncEv  BUILD/LPC1768/ARMC6/mbed-os/platform/FileHandle.o
    0x000028ae   0x0000000a   Code   RO         1470    .text._ZN4mbed10FileHandle4tellEv  BUILD/LPC1768/ARMC6/mbed-os/drivers/UARTSerial.o
    0x000028b8   0x00000006   Code   RO           90    .text._ZN4mbed10FileHandle5fsyncEv  BUILD/LPC1768/ARMC6/TextLCD/TextLCD.o
    0x000028be   0x00000006   Code   RO           88    .text._ZN4mbed10FileHandle5lseekEli  BUILD/LPC1768/ARMC6/TextLCD/TextLCD.o
    0x000028c4   0x00000002   Code   RO          104    .text._ZN4mbed10FileHandle5sigioENS_8CallbackIFvvEEE  BUILD/LPC1768/ARMC6/TextLCD/TextLCD.o
    0x000028c6   0x0000000a   Code   RO         1472    .text._ZN4mbed10FileHandle6rewindEv  BUILD/LPC1768/ARMC6/mbed-os/drivers/UARTSerial.o
    0x000028d0   0x00000006   Code   RO           86    .text._ZN4mbed10FileHandle8truncateEl  BUILD/LPC1768/ARMC6/TextLCD/TextLCD.o
    0x000028d6   0x00000002   Code   RO        19269    .text._ZN4mbed11NonCopyableINS_10FileHandleEED2Ev  BUILD/LPC1768/ARMC6/mbed-os/platform/FileHandle.o
    0x000028d8   0x00000074   Code   RO        19700    .text._ZN4mbed16mbed_file_handleEi  BUILD/LPC1768/ARMC6/mbed-os/platform/mbed_retarget.o
    0x0000294c   0x00000004   Code   RO        19698    .text._ZN4mbed21mbed_override_consoleEi  BUILD/LPC1768/ARMC6/mbed-os/platform/mbed_retarget.o
    0x00002950   0x00000004   Code   RO        19696    .text._ZN4mbed28mbed_target_override_consoleEi  BUILD/LPC1768/ARMC6/mbed-os/platform/mbed_retarget.o
    0x00002954   0x00000004   Code   RO        19251    .text._ZN4mbed8FileBase11getPathTypeEv  BUILD/LPC1768/ARMC6/mbed-os/platform/FileBase.o
    0x00002958   0x00000088   Code   RO        19257    .text._ZN4mbed8FileBase6lookupEPKcj  BUILD/LPC1768/ARMC6/mbed-os/platform/FileBase.o
    0x000029e0   0x00000018   Code   RO        19284    .text._ZN4mbed8FilePath10fileSystemEv  BUILD/LPC1768/ARMC6/mbed-os/platform/FilePath.o
    0x000029f8   0x00000018   Code   RO        19282    .text._ZN4mbed8FilePath12isFileSystemEv  BUILD/LPC1768/ARMC6/mbed-os/platform/FilePath.o
    0x00002a10   0x00000018   Code   RO        19288    .text._ZN4mbed8FilePath4fileEv  BUILD/LPC1768/ARMC6/mbed-os/platform/FilePath.o
    0x00002a28   0x0000000a   Code   RO        19290    .text._ZN4mbed8FilePath6existsEv  BUILD/LPC1768/ARMC6/mbed-os/platform/FilePath.o
    0x00002a32   0x00000016   Code   RO        19286    .text._ZN4mbed8FilePath6isFileEv  BUILD/LPC1768/ARMC6/mbed-os/platform/FilePath.o
    0x00002a48   0x00000004   Code   RO        19280    .text._ZN4mbed8FilePath8fileNameEv  BUILD/LPC1768/ARMC6/mbed-os/platform/FilePath.o
    0x00002a4c   0x00000040   Code   RO        19278    .text._ZN4mbed8FilePathC2EPKc  BUILD/LPC1768/ARMC6/mbed-os/platform/FilePath.o
    0x00002a8c   0x00000044   Code   RO        20024    .text._ZN4rtos5Mutex11constructorEPKc  BUILD/LPC1768/ARMC6/mbed-os/rtos/Mutex.o
    0x00002ad0   0x00000038   Code   RO        20028    .text._ZN4rtos5Mutex4lockEv  BUILD/LPC1768/ARMC6/mbed-os/rtos/Mutex.o
    0x00002b08   0x00000034   Code   RO        20038    .text._ZN4rtos5Mutex6unlockEv  BUILD/LPC1768/ARMC6/mbed-os/rtos/Mutex.o
    0x00002b3c   0x00000014   Code   RO        20022    .text._ZN4rtos5MutexC2Ev  BUILD/LPC1768/ARMC6/mbed-os/rtos/Mutex.o
    0x00002b50   0x00000034   Code   RO        19690    .text._ZNK12DirectSerial4pollEs  BUILD/LPC1768/ARMC6/mbed-os/platform/mbed_retarget.o
    0x00002b84   0x00000022   Code   RO        16915    .text._ZNK12SingletonPtrIN4rtos5MutexEE3getEv  BUILD/LPC1768/ARMC6/mbed-os/features/netsocket/nsapi_dns.o
    0x00002ba6   0x00000004   Code   RO           96    .text._ZNK4mbed10FileHandle11is_blockingEv  BUILD/LPC1768/ARMC6/TextLCD/TextLCD.o
    0x00002baa   0x0000002e   Code   RO        19814    .text.__cxa_guard_acquire  BUILD/LPC1768/ARMC6/mbed-os/platform/mbed_retarget.o
    0x00002bd8   0x0000000e   Code   RO        19820    .text.__cxa_guard_release  BUILD/LPC1768/ARMC6/mbed-os/platform/mbed_retarget.o
    0x00002be6   0x00000002   PAD
    0x00002be8   0x00000040   Code   RO        20080    .text.__rt_entry    BUILD/LPC1768/ARMC6/mbed-os/rtos/TARGET_CORTEX/TOOLCHAIN_ARM_STD/mbed_boot_arm_std.o
    0x00002c28   0x00000050   Code   RO        20084    .text.__user_perthread_libspace  BUILD/LPC1768/ARMC6/mbed-os/rtos/TARGET_CORTEX/TOOLCHAIN_ARM_STD/mbed_boot_arm_std.o
    0x00002c78   0x00000026   Code   RO        19072    .text._gpio_init_in  BUILD/LPC1768/ARMC6/mbed-os/hal/mbed_gpio.o
    0x00002c9e   0x00000036   Code   RO        19078    .text._gpio_init_out  BUILD/LPC1768/ARMC6/mbed-os/hal/mbed_gpio.o
    0x00002cd4   0x0000001a   Code   RO        20090    .text._mutex_acquire  BUILD/LPC1768/ARMC6/mbed-os/rtos/TARGET_CORTEX/TOOLCHAIN_ARM_STD/mbed_boot_arm_std.o
    0x00002cee   0x00000002   PAD
    0x00002cf0   0x00000040   Code   RO        20094    .text._mutex_free   BUILD/LPC1768/ARMC6/mbed-os/rtos/TARGET_CORTEX/TOOLCHAIN_ARM_STD/mbed_boot_arm_std.o
    0x00002d30   0x000000a0   Code   RO        20088    .text._mutex_initialize  BUILD/LPC1768/ARMC6/mbed-os/rtos/TARGET_CORTEX/TOOLCHAIN_ARM_STD/mbed_boot_arm_std.o
    0x00002dd0   0x00000016   Code   RO        20092    .text._mutex_release  BUILD/LPC1768/ARMC6/mbed-os/rtos/TARGET_CORTEX/TOOLCHAIN_ARM_STD/mbed_boot_arm_std.o
    0x00002de6   0x00000004   Code   RO        20319    .text._platform_post_stackheap_init  BUILD/LPC1768/ARMC6/mbed-os/rtos/TARGET_CORTEX/rtx5/RTX/Source/rtx_lib.o
    0x00002dea   0x00000004   Code   RO        19720    .text._sys_close    BUILD/LPC1768/ARMC6/mbed-os/platform/mbed_retarget.o
    0x00002dee   0x00000002   Code   RO        19728    .text._sys_exit     BUILD/LPC1768/ARMC6/mbed-os/platform/mbed_retarget.o
    0x00002df0   0x00000028   Code   RO        19748    .text._sys_flen     BUILD/LPC1768/ARMC6/mbed-os/platform/mbed_retarget.o
    0x00002e18   0x00000004   Code   RO        19736    .text._sys_istty    BUILD/LPC1768/ARMC6/mbed-os/platform/mbed_retarget.o
    0x00002e1c   0x00000088   Code   RO        19714    .text._sys_open     BUILD/LPC1768/ARMC6/mbed-os/platform/mbed_retarget.o
    0x00002ea4   0x00000006   Code   RO        19738    .text._sys_seek     BUILD/LPC1768/ARMC6/mbed-os/platform/mbed_retarget.o
    0x00002eaa   0x0000002c   Code   RO        19724    .text._sys_write    BUILD/LPC1768/ARMC6/mbed-os/platform/mbed_retarget.o
    0x00002ed6   0x00000014   Code   RO        19730    .text._ttywrch      BUILD/LPC1768/ARMC6/mbed-os/platform/mbed_retarget.o
    0x00002eea   0x00000002   PAD
    0x00002eec   0x0000003c   Code   RO        19722    .text.close         BUILD/LPC1768/ARMC6/mbed-os/platform/mbed_retarget.o
    0x00002f28   0x0000000c   Code   RO        19566    .text.core_util_are_interrupts_enabled  BUILD/LPC1768/ARMC6/mbed-os/platform/mbed_critical.o
    0x00002f34   0x00000016   Code   RO        19466    .text.core_util_atomic_decr_u16  BUILD/LPC1768/ARMC6/mbed-os/platform/internal/mbed_atomic_impl.o
    0x00002f4a   0x00000014   Code   RO        19450    .text.core_util_atomic_flag_test_and_set  BUILD/LPC1768/ARMC6/mbed-os/platform/internal/mbed_atomic_impl.o
    0x00002f5e   0x00000016   Code   RO        19460    .text.core_util_atomic_incr_u16  BUILD/LPC1768/ARMC6/mbed-os/platform/internal/mbed_atomic_impl.o
    0x00002f74   0x00000010   Code   RO        19572    .text.core_util_critical_section_enter  BUILD/LPC1768/ARMC6/mbed-os/platform/mbed_critical.o
    0x00002f84   0x00000018   Code   RO        19574    .text.core_util_critical_section_exit  BUILD/LPC1768/ARMC6/mbed-os/platform/mbed_critical.o
    0x00002f9c   0x0000000c   Code   RO        19568    .text.core_util_is_isr_active  BUILD/LPC1768/ARMC6/mbed-os/platform/mbed_critical.o
    0x00002fa8   0x00000034   Code   RO        19790    .text.exit          BUILD/LPC1768/ARMC6/mbed-os/platform/mbed_retarget.o
    0x00002fdc   0x0000002a   Code   RO        19746    .text.fsync         BUILD/LPC1768/ARMC6/mbed-os/platform/mbed_retarget.o
    0x00003006   0x00000002   PAD
    0x00003008   0x00000008   Code   RO        19137    .text.get_us_ticker_data  BUILD/LPC1768/ARMC6/mbed-os/hal/mbed_us_ticker_api.o
    0x00003010   0x0000001e   Code   RO        20905    .text.gpio_dir      BUILD/LPC1768/ARMC6/mbed-os/targets/TARGET_NXP/TARGET_LPC176X/gpio_api.o
    0x0000302e   0x0000002e   Code   RO        20901    .text.gpio_init     BUILD/LPC1768/ARMC6/mbed-os/targets/TARGET_NXP/TARGET_LPC176X/gpio_api.o
    0x0000305c   0x00000006   Code   RO        19068    .text.gpio_init_in  BUILD/LPC1768/ARMC6/mbed-os/hal/mbed_gpio.o
    0x00003062   0x00000006   Code   RO        19074    .text.gpio_init_out  BUILD/LPC1768/ARMC6/mbed-os/hal/mbed_gpio.o
    0x00003068   0x00000008   Code   RO        19076    .text.gpio_init_out_ex  BUILD/LPC1768/ARMC6/mbed-os/hal/mbed_gpio.o
    0x00003070   0x00000006   Code   RO        20903    .text.gpio_mode     BUILD/LPC1768/ARMC6/mbed-os/targets/TARGET_NXP/TARGET_LPC176X/gpio_api.o
    0x00003076   0x00000016   Code   RO        20899    .text.gpio_set      BUILD/LPC1768/ARMC6/mbed-os/targets/TARGET_NXP/TARGET_LPC176X/gpio_api.o
    0x0000308c   0x0000001c   Code   RO        19057    .text.hal_critical_section_enter  BUILD/LPC1768/ARMC6/mbed-os/hal/mbed_critical_section_api.o
    0x000030a8   0x00000014   Code   RO        19059    .text.hal_critical_section_exit  BUILD/LPC1768/ARMC6/mbed-os/hal/mbed_critical_section_api.o
    0x000030bc   0x0000000e   Code   RO        21086    .text.hal_deepsleep  BUILD/LPC1768/ARMC6/mbed-os/targets/TARGET_NXP/TARGET_LPC176X/sleep.o
    0x000030ca   0x00000002   PAD
    0x000030cc   0x00000024   Code   RO        21084    .text.hal_sleep     BUILD/LPC1768/ARMC6/mbed-os/targets/TARGET_NXP/TARGET_LPC176X/sleep.o
    0x000030f0   0x00000080   Code   RO        19580    .text.handle_error  BUILD/LPC1768/ARMC6/mbed-os/platform/mbed_error.o
    0x00003170   0x000000d8   Code   RO        19112    .text.initialize    BUILD/LPC1768/ARMC6/mbed-os/hal/mbed_ticker_api.o
    0x00003248   0x00000026   Code   RO        19708    .text.isatty        BUILD/LPC1768/ARMC6/mbed-os/platform/mbed_retarget.o
    0x0000326e   0x00000030   Code   RO        19740    .text.lseek         BUILD/LPC1768/ARMC6/mbed-os/platform/mbed_retarget.o
    0x0000329e   0x00000002   Code   RO          115    .text.main          BUILD/LPC1768/ARMC6/main.o
    0x000032a0   0x00000068   Code   RO        19554    .text.mbed_die      BUILD/LPC1768/ARMC6/mbed-os/platform/mbed_board.o
    0x00003308   0x00000020   Code   RO        19598    .text.mbed_error    BUILD/LPC1768/ARMC6/mbed-os/platform/mbed_error.o
    0x00003328   0x00000004   Code   RO        19586    .text.mbed_error_initialize  BUILD/LPC1768/ARMC6/mbed-os/platform/mbed_error.o
    0x0000332c   0x0000001c   Code   RO        19556    .text.mbed_error_printf  BUILD/LPC1768/ARMC6/mbed-os/platform/mbed_board.o
    0x00003348   0x0000002a   Code   RO        19560    .text.mbed_error_puts  BUILD/LPC1768/ARMC6/mbed-os/platform/mbed_board.o
    0x00003372   0x00000002   PAD
    0x00003374   0x00000034   Code   RO        19558    .text.mbed_error_vprintf  BUILD/LPC1768/ARMC6/mbed-os/platform/mbed_board.o
    0x000033a8   0x00000114   Code   RO        19440    .text.mbed_fault_handler  BUILD/LPC1768/ARMC6/mbed-os/platform/TARGET_CORTEX_M/mbed_fault_handler.o
    0x000034bc   0x0000000c   Code   RO        19594    .text.mbed_get_error_in_progress  BUILD/LPC1768/ARMC6/mbed-os/platform/mbed_error.o
    0x000034c8   0x00000030   Code   RO        19582    .text.mbed_halt_system  BUILD/LPC1768/ARMC6/mbed-os/platform/mbed_error.o
    0x000034f8   0x00000038   Code   RO        20101    .text.mbed_init     BUILD/LPC1768/ARMC6/mbed-os/rtos/TARGET_CORTEX/mbed_boot.o
    0x00003530   0x00000004   Code   RO        19621    .text.mbed_interface_connected  BUILD/LPC1768/ARMC6/mbed-os/platform/mbed_interface.o
    0x00003534   0x00000022   Code   RO        19627    .text.mbed_interface_disconnect  BUILD/LPC1768/ARMC6/mbed-os/platform/mbed_interface.o
    0x00003556   0x00000002   Code   RO        20107    .text.mbed_main     BUILD/LPC1768/ARMC6/mbed-os/rtos/TARGET_CORTEX/mbed_boot.o
    0x00003558   0x00000064   Code   RO        19153    .text.mbed_mpu_init  BUILD/LPC1768/ARMC6/mbed-os/hal/mpu/mbed_mpu_v7m.o
    0x000035bc   0x00000004   Code   RO        20114    .text.mbed_rtos_init  BUILD/LPC1768/ARMC6/mbed-os/rtos/TARGET_CORTEX/mbed_rtos_rtx.o
    0x000035c0   0x0000009c   Code   RO        20116    .text.mbed_rtos_start  BUILD/LPC1768/ARMC6/mbed-os/rtos/TARGET_CORTEX/mbed_rtos_rtx.o
    0x0000365c   0x00000002   Code   RO        20103    .text.mbed_sdk_init  BUILD/LPC1768/ARMC6/mbed-os/rtos/TARGET_CORTEX/mbed_boot.o
    0x0000365e   0x00000016   Code   RO        20105    .text.mbed_start    BUILD/LPC1768/ARMC6/mbed-os/rtos/TARGET_CORTEX/mbed_boot.o
    0x00003674   0x00000018   Code   RO        20082    .text.mbed_toolchain_init  BUILD/LPC1768/ARMC6/mbed-os/rtos/TARGET_CORTEX/TOOLCHAIN_ARM_STD/mbed_boot_arm_std.o
    0x0000368c   0x0000000c   Code   RO        19145    .text.note_us_ticker_free  BUILD/LPC1768/ARMC6/mbed-os/hal/mbed_us_ticker_api.o
    0x00003698   0x00000014   Code   RO        19143    .text.note_us_ticker_init  BUILD/LPC1768/ARMC6/mbed-os/hal/mbed_us_ticker_api.o
    0x000036ac   0x00000078   Code   RO        19716    .text.open          BUILD/LPC1768/ARMC6/mbed-os/platform/mbed_retarget.o
    0x00003724   0x00000030   Code   RO        20270    .text.osKernelGetState  BUILD/LPC1768/ARMC6/mbed-os/rtos/TARGET_CORTEX/rtx5/RTX/Source/rtx_kernel.o
    0x00003754   0x00000034   Code   RO        20264    .text.osKernelInitialize  BUILD/LPC1768/ARMC6/mbed-os/rtos/TARGET_CORTEX/rtx5/RTX/Source/rtx_kernel.o
    0x00003788   0x00000030   Code   RO        20274    .text.osKernelStart  BUILD/LPC1768/ARMC6/mbed-os/rtos/TARGET_CORTEX/rtx5/RTX/Source/rtx_kernel.o
    0x000037b8   0x0000007c   Code   RO        20392    .text.osMessageQueueGet  BUILD/LPC1768/ARMC6/mbed-os/rtos/TARGET_CORTEX/rtx5/RTX/Source/rtx_msgqueue.o
    0x00003834   0x00000034   Code   RO        20386    .text.osMessageQueueNew  BUILD/LPC1768/ARMC6/mbed-os/rtos/TARGET_CORTEX/rtx5/RTX/Source/rtx_msgqueue.o
    0x00003868   0x00000084   Code   RO        20390    .text.osMessageQueuePut  BUILD/LPC1768/ARMC6/mbed-os/rtos/TARGET_CORTEX/rtx5/RTX/Source/rtx_msgqueue.o
    0x000038ec   0x00000030   Code   RO        20441    .text.osMutexAcquire  BUILD/LPC1768/ARMC6/mbed-os/rtos/TARGET_CORTEX/rtx5/RTX/Source/rtx_mutex.o
    0x0000391c   0x00000030   Code   RO        20447    .text.osMutexDelete  BUILD/LPC1768/ARMC6/mbed-os/rtos/TARGET_CORTEX/rtx5/RTX/Source/rtx_mutex.o
    0x0000394c   0x00000034   Code   RO        20437    .text.osMutexNew    BUILD/LPC1768/ARMC6/mbed-os/rtos/TARGET_CORTEX/rtx5/RTX/Source/rtx_mutex.o
    0x00003980   0x00000030   Code   RO        20443    .text.osMutexRelease  BUILD/LPC1768/ARMC6/mbed-os/rtos/TARGET_CORTEX/rtx5/RTX/Source/rtx_mutex.o
    0x000039b0   0x00000078   Code   RO        20126    .text.osRtxErrorNotify  BUILD/LPC1768/ARMC6/mbed-os/rtos/TARGET_CORTEX/mbed_rtx_handlers.o
    0x00003a28   0x00000004   Code   RO        20124    .text.osRtxIdleThread  BUILD/LPC1768/ARMC6/mbed-os/rtos/TARGET_CORTEX/mbed_rtx_handlers.o
    0x00003a2c   0x00000002   Code   RO        20262    .text.osRtxKernelPreInit  BUILD/LPC1768/ARMC6/mbed-os/rtos/TARGET_CORTEX/rtx5/RTX/Source/rtx_kernel.o
    0x00003a2e   0x0000007c   Code   RO        20336    .text.osRtxMemoryAlloc  BUILD/LPC1768/ARMC6/mbed-os/rtos/TARGET_CORTEX/rtx5/RTX/Source/rtx_memory.o
    0x00003aaa   0x00000052   Code   RO        20338    .text.osRtxMemoryFree  BUILD/LPC1768/ARMC6/mbed-os/rtos/TARGET_CORTEX/rtx5/RTX/Source/rtx_memory.o
    0x00003afc   0x00000036   Code   RO        20334    .text.osRtxMemoryInit  BUILD/LPC1768/ARMC6/mbed-os/rtos/TARGET_CORTEX/rtx5/RTX/Source/rtx_memory.o
    0x00003b32   0x00000038   Code   RO        20343    .text.osRtxMemoryPoolAlloc  BUILD/LPC1768/ARMC6/mbed-os/rtos/TARGET_CORTEX/rtx5/RTX/Source/rtx_mempool.o
    0x00003b6a   0x00000048   Code   RO        20345    .text.osRtxMemoryPoolFree  BUILD/LPC1768/ARMC6/mbed-os/rtos/TARGET_CORTEX/rtx5/RTX/Source/rtx_mempool.o
    0x00003bb2   0x00000054   Code   RO        20341    .text.osRtxMemoryPoolInit  BUILD/LPC1768/ARMC6/mbed-os/rtos/TARGET_CORTEX/rtx5/RTX/Source/rtx_mempool.o
    0x00003c06   0x000000ba   Code   RO        20416    .text.osRtxMessageQueuePostProcess  BUILD/LPC1768/ARMC6/mbed-os/rtos/TARGET_CORTEX/rtx5/RTX/Source/rtx_msgqueue.o
    0x00003cc0   0x00000044   Code   RO        20435    .text.osRtxMutexOwnerRelease  BUILD/LPC1768/ARMC6/mbed-os/rtos/TARGET_CORTEX/rtx5/RTX/Source/rtx_mutex.o
    0x00003d04   0x00000088   Code   RO        20491    .text.osRtxPendSV_Handler  BUILD/LPC1768/ARMC6/mbed-os/rtos/TARGET_CORTEX/rtx5/RTX/Source/rtx_system.o
    0x00003d8c   0x00000070   Code   RO        20493    .text.osRtxPostProcess  BUILD/LPC1768/ARMC6/mbed-os/rtos/TARGET_CORTEX/rtx5/RTX/Source/rtx_system.o
    0x00003dfc   0x00000034   Code   RO        20516    .text.osRtxThreadBlock  BUILD/LPC1768/ARMC6/mbed-os/rtos/TARGET_CORTEX/rtx5/RTX/Source/rtx_thread.o
    0x00003e30   0x00000084   Code   RO        20524    .text.osRtxThreadDelayInsert  BUILD/LPC1768/ARMC6/mbed-os/rtos/TARGET_CORTEX/rtx5/RTX/Source/rtx_thread.o
    0x00003eb4   0x00000048   Code   RO        20520    .text.osRtxThreadDelayRemove  BUILD/LPC1768/ARMC6/mbed-os/rtos/TARGET_CORTEX/rtx5/RTX/Source/rtx_thread.o
    0x00003efc   0x00000030   Code   RO        20506    .text.osRtxThreadDelayTick  BUILD/LPC1768/ARMC6/mbed-os/rtos/TARGET_CORTEX/rtx5/RTX/Source/rtx_thread.o
    0x00003f2c   0x00000058   Code   RO        20514    .text.osRtxThreadDispatch  BUILD/LPC1768/ARMC6/mbed-os/rtos/TARGET_CORTEX/rtx5/RTX/Source/rtx_thread.o
    0x00003f84   0x00000050   Code   RO        20600    .text.osRtxThreadFree  BUILD/LPC1768/ARMC6/mbed-os/rtos/TARGET_CORTEX/rtx5/RTX/Source/rtx_thread.o
    0x00003fd4   0x00000014   Code   RO        20498    .text.osRtxThreadListGet  BUILD/LPC1768/ARMC6/mbed-os/rtos/TARGET_CORTEX/rtx5/RTX/Source/rtx_thread.o
    0x00003fe8   0x0000002a   Code   RO        20496    .text.osRtxThreadListPut  BUILD/LPC1768/ARMC6/mbed-os/rtos/TARGET_CORTEX/rtx5/RTX/Source/rtx_thread.o
    0x00004012   0x00000014   Code   RO        20502    .text.osRtxThreadListRemove  BUILD/LPC1768/ARMC6/mbed-os/rtos/TARGET_CORTEX/rtx5/RTX/Source/rtx_thread.o
    0x00004026   0x00000028   Code   RO        20500    .text.osRtxThreadListSort  BUILD/LPC1768/ARMC6/mbed-os/rtos/TARGET_CORTEX/rtx5/RTX/Source/rtx_thread.o
    0x0000404e   0x0000002a   Code   RO        20574    .text.osRtxThreadPostProcess  BUILD/LPC1768/ARMC6/mbed-os/rtos/TARGET_CORTEX/rtx5/RTX/Source/rtx_thread.o
    0x00004078   0x00000010   Code   RO        20504    .text.osRtxThreadReadyPut  BUILD/LPC1768/ARMC6/mbed-os/rtos/TARGET_CORTEX/rtx5/RTX/Source/rtx_thread.o
    0x00004088   0x00000006   Code   RO        20508    .text.osRtxThreadRegPtr  BUILD/LPC1768/ARMC6/mbed-os/rtos/TARGET_CORTEX/rtx5/RTX/Source/rtx_thread.o
    0x0000408e   0x00000002   PAD
    0x00004090   0x00000028   Code   RO        20512    .text.osRtxThreadStackCheck  BUILD/LPC1768/ARMC6/mbed-os/rtos/TARGET_CORTEX/rtx5/RTX/Source/rtx_thread.o
    0x000040b8   0x00000038   Code   RO        20526    .text.osRtxThreadStartup  BUILD/LPC1768/ARMC6/mbed-os/rtos/TARGET_CORTEX/rtx5/RTX/Source/rtx_thread.o
    0x000040f0   0x0000000c   Code   RO        20510    .text.osRtxThreadSwitch  BUILD/LPC1768/ARMC6/mbed-os/rtos/TARGET_CORTEX/rtx5/RTX/Source/rtx_thread.o
    0x000040fc   0x0000003c   Code   RO        20522    .text.osRtxThreadWaitEnter  BUILD/LPC1768/ARMC6/mbed-os/rtos/TARGET_CORTEX/rtx5/RTX/Source/rtx_thread.o
    0x00004138   0x00000024   Code   RO        20518    .text.osRtxThreadWaitExit  BUILD/LPC1768/ARMC6/mbed-os/rtos/TARGET_CORTEX/rtx5/RTX/Source/rtx_thread.o
    0x0000415c   0x00000070   Code   RO        20489    .text.osRtxTick_Handler  BUILD/LPC1768/ARMC6/mbed-os/rtos/TARGET_CORTEX/rtx5/RTX/Source/rtx_system.o
    0x000041cc   0x0000003c   Code   RO        20621    .text.osRtxTimerThread  BUILD/LPC1768/ARMC6/mbed-os/rtos/TARGET_CORTEX/rtx5/RTX/Source/rtx_timer.o
    0x00004208   0x00000054   Code   RO        20623    .text.osRtxTimerTick  BUILD/LPC1768/ARMC6/mbed-os/rtos/TARGET_CORTEX/rtx5/RTX/Source/rtx_timer.o
    0x0000425c   0x0000001c   Code   RO        20558    .text.osThreadExit  BUILD/LPC1768/ARMC6/mbed-os/rtos/TARGET_CORTEX/rtx5/RTX/Source/rtx_thread.o
    0x00004278   0x00000028   Code   RO        20534    .text.osThreadGetId  BUILD/LPC1768/ARMC6/mbed-os/rtos/TARGET_CORTEX/rtx5/RTX/Source/rtx_thread.o
    0x000042a0   0x00000034   Code   RO        20530    .text.osThreadNew   BUILD/LPC1768/ARMC6/mbed-os/rtos/TARGET_CORTEX/rtx5/RTX/Source/rtx_thread.o
    0x000042d4   0x00000020   Code   RO        20086    .text.os_kernel_is_active  BUILD/LPC1768/ARMC6/mbed-os/rtos/TARGET_CORTEX/TOOLCHAIN_ARM_STD/mbed_boot_arm_std.o
    0x000042f4   0x00000034   Code   RO        20969    .text.pin_function  BUILD/LPC1768/ARMC6/mbed-os/targets/TARGET_NXP/TARGET_LPC176X/pinmap.o
    0x00004328   0x00000060   Code   RO        20971    .text.pin_mode      BUILD/LPC1768/ARMC6/mbed-os/targets/TARGET_NXP/TARGET_LPC176X/pinmap.o
    0x00004388   0x0000001c   Code   RO        19090    .text.pinmap_find_peripheral  BUILD/LPC1768/ARMC6/mbed-os/hal/mbed_pinmap_common.o
    0x000043a4   0x00000024   Code   RO        19088    .text.pinmap_merge  BUILD/LPC1768/ARMC6/mbed-os/hal/mbed_pinmap_common.o
    0x000043c8   0x00000038   Code   RO        19092    .text.pinmap_peripheral  BUILD/LPC1768/ARMC6/mbed-os/hal/mbed_pinmap_common.o
    0x00004400   0x00000048   Code   RO        19086    .text.pinmap_pinout  BUILD/LPC1768/ARMC6/mbed-os/hal/mbed_pinmap_common.o
    0x00004448   0x00000158   Code   RO        19442    .text.print_context_info  BUILD/LPC1768/ARMC6/mbed-os/platform/TARGET_CORTEX_M/mbed_fault_handler.o
    0x000045a0   0x0000000c   Code   RO        20138    .text.rtos_idle_loop  BUILD/LPC1768/ARMC6/mbed-os/rtos/TARGET_CORTEX/mbed_rtx_idle.o
    0x000045ac   0x000000ec   Code   RO        19118    .text.schedule_interrupt  BUILD/LPC1768/ARMC6/mbed-os/hal/mbed_ticker_api.o
    0x00004698   0x00000010   Code   RO        19925    .text.semihost_connected  BUILD/LPC1768/ARMC6/mbed-os/platform/mbed_semihost_api.o
    0x000046a8   0x0000000e   Code   RO        19927    .text.semihost_disabledebug  BUILD/LPC1768/ARMC6/mbed-os/platform/mbed_semihost_api.o
    0x000046b6   0x0000000c   Code   RO        19915    .text.semihost_exit  BUILD/LPC1768/ARMC6/mbed-os/platform/mbed_semihost_api.o
    0x000046c2   0x00000002   PAD
    0x000046c4   0x00000194   Code   RO        21026    .text.serial_baud   BUILD/LPC1768/ARMC6/mbed-os/targets/TARGET_NXP/TARGET_LPC176X/serial_api.o
    0x00004858   0x00000018   Code   RO        21066    .text.serial_flow_irq_set  BUILD/LPC1768/ARMC6/mbed-os/targets/TARGET_NXP/TARGET_LPC176X/serial_api.o
    0x00004870   0x00000030   Code   RO        21050    .text.serial_getc   BUILD/LPC1768/ARMC6/mbed-os/targets/TARGET_NXP/TARGET_LPC176X/serial_api.o
    0x000048a0   0x00000114   Code   RO        21024    .text.serial_init   BUILD/LPC1768/ARMC6/mbed-os/targets/TARGET_NXP/TARGET_LPC176X/serial_api.o
    0x000049b4   0x000000ec   Code   RO        21048    .text.serial_irq_set_internal  BUILD/LPC1768/ARMC6/mbed-os/targets/TARGET_NXP/TARGET_LPC176X/serial_api.o
    0x00004aa0   0x0000002c   Code   RO        21054    .text.serial_putc   BUILD/LPC1768/ARMC6/mbed-os/targets/TARGET_NXP/TARGET_LPC176X/serial_api.o
    0x00004acc   0x0000000a   Code   RO        21052    .text.serial_readable  BUILD/LPC1768/ARMC6/mbed-os/targets/TARGET_NXP/TARGET_LPC176X/serial_api.o
    0x00004ad6   0x00000002   PAD
    0x00004ad8   0x000000e4   Code   RO        21030    .text.serial_set_flow_control  BUILD/LPC1768/ARMC6/mbed-os/targets/TARGET_NXP/TARGET_LPC176X/serial_api.o
    0x00004bbc   0x0000004c   Code   RO        21056    .text.serial_writable  BUILD/LPC1768/ARMC6/mbed-os/targets/TARGET_NXP/TARGET_LPC176X/serial_api.o
    0x00004c08   0x00000024   Code   RO        19938    .text.sleep_manager_lock_deep_sleep_internal  BUILD/LPC1768/ARMC6/mbed-os/platform/mbed_sleep_manager.o
    0x00004c2c   0x00000020   Code   RO        19946    .text.sleep_manager_sleep_auto  BUILD/LPC1768/ARMC6/mbed-os/platform/mbed_sleep_manager.o
    0x00004c4c   0x00000030   Code   RO        19940    .text.sleep_manager_unlock_deep_sleep_internal  BUILD/LPC1768/ARMC6/mbed-os/platform/mbed_sleep_manager.o
    0x00004c7c   0x00000008   Code   RO        20272    .text.svcRtxKernelGetState  BUILD/LPC1768/ARMC6/mbed-os/rtos/TARGET_CORTEX/rtx5/RTX/Source/rtx_kernel.o
    0x00004c84   0x00000150   Code   RO        20302    .text.svcRtxKernelInitialize  BUILD/LPC1768/ARMC6/mbed-os/rtos/TARGET_CORTEX/rtx5/RTX/Source/rtx_kernel.o
    0x00004dd4   0x0000009c   Code   RO        20304    .text.svcRtxKernelStart  BUILD/LPC1768/ARMC6/mbed-os/rtos/TARGET_CORTEX/rtx5/RTX/Source/rtx_kernel.o
    0x00004e70   0x000000e4   Code   RO        20428    .text.svcRtxMessageQueueGet  BUILD/LPC1768/ARMC6/mbed-os/rtos/TARGET_CORTEX/rtx5/RTX/Source/rtx_msgqueue.o
    0x00004f54   0x0000013c   Code   RO        20414    .text.svcRtxMessageQueueNew  BUILD/LPC1768/ARMC6/mbed-os/rtos/TARGET_CORTEX/rtx5/RTX/Source/rtx_msgqueue.o
    0x00005090   0x000000c0   Code   RO        20424    .text.svcRtxMessageQueuePut  BUILD/LPC1768/ARMC6/mbed-os/rtos/TARGET_CORTEX/rtx5/RTX/Source/rtx_msgqueue.o
    0x00005150   0x000000b0   Code   RO        20453    .text.svcRtxMutexAcquire  BUILD/LPC1768/ARMC6/mbed-os/rtos/TARGET_CORTEX/rtx5/RTX/Source/rtx_mutex.o
    0x00005200   0x000000c0   Code   RO        20459    .text.svcRtxMutexDelete  BUILD/LPC1768/ARMC6/mbed-os/rtos/TARGET_CORTEX/rtx5/RTX/Source/rtx_mutex.o
    0x000052c0   0x00000078   Code   RO        20449    .text.svcRtxMutexNew  BUILD/LPC1768/ARMC6/mbed-os/rtos/TARGET_CORTEX/rtx5/RTX/Source/rtx_mutex.o
    0x00005338   0x000000d8   Code   RO        20455    .text.svcRtxMutexRelease  BUILD/LPC1768/ARMC6/mbed-os/rtos/TARGET_CORTEX/rtx5/RTX/Source/rtx_mutex.o
    0x00005410   0x00000070   Code   RO        20604    .text.svcRtxThreadExit  BUILD/LPC1768/ARMC6/mbed-os/rtos/TARGET_CORTEX/rtx5/RTX/Source/rtx_thread.o
    0x00005480   0x0000000c   Code   RO        20536    .text.svcRtxThreadGetId  BUILD/LPC1768/ARMC6/mbed-os/rtos/TARGET_CORTEX/rtx5/RTX/Source/rtx_thread.o
    0x0000548c   0x000001e4   Code   RO        20528    .text.svcRtxThreadNew  BUILD/LPC1768/ARMC6/mbed-os/rtos/TARGET_CORTEX/rtx5/RTX/Source/rtx_thread.o
    0x00005670   0x00000060   Code   RO        19114    .text.ticker_irq_handler  BUILD/LPC1768/ARMC6/mbed-os/hal/mbed_ticker_api.o
    0x000056d0   0x00000008   Code   RO        19126    .text.ticker_read   BUILD/LPC1768/ARMC6/mbed-os/hal/mbed_ticker_api.o
    0x000056d8   0x00000022   Code   RO        19128    .text.ticker_read_us  BUILD/LPC1768/ARMC6/mbed-os/hal/mbed_ticker_api.o
    0x000056fa   0x00000002   PAD
    0x000056fc   0x00000014   Code   RO        21034    .text.uart0_irq     BUILD/LPC1768/ARMC6/mbed-os/targets/TARGET_NXP/TARGET_LPC176X/serial_api.o
    0x00005710   0x00000014   Code   RO        21038    .text.uart1_irq     BUILD/LPC1768/ARMC6/mbed-os/targets/TARGET_NXP/TARGET_LPC176X/serial_api.o
    0x00005724   0x00000014   Code   RO        21040    .text.uart2_irq     BUILD/LPC1768/ARMC6/mbed-os/targets/TARGET_NXP/TARGET_LPC176X/serial_api.o
    0x00005738   0x00000014   Code   RO        21042    .text.uart3_irq     BUILD/LPC1768/ARMC6/mbed-os/targets/TARGET_NXP/TARGET_LPC176X/serial_api.o
    0x0000574c   0x00000064   Code   RO        21036    .text.uart_irq      BUILD/LPC1768/ARMC6/mbed-os/targets/TARGET_NXP/TARGET_LPC176X/serial_api.o
    0x000057b0   0x000000e4   Code   RO        19116    .text.update_present_time  BUILD/LPC1768/ARMC6/mbed-os/hal/mbed_ticker_api.o
    0x00005894   0x0000000c   Code   RO        21142    .text.us_ticker_clear_interrupt  BUILD/LPC1768/ARMC6/mbed-os/targets/TARGET_NXP/TARGET_LPC176X/us_ticker.o
    0x000058a0   0x0000000c   Code   RO        21134    .text.us_ticker_disable_interrupt  BUILD/LPC1768/ARMC6/mbed-os/targets/TARGET_NXP/TARGET_LPC176X/us_ticker.o
    0x000058ac   0x0000000c   Code   RO        21140    .text.us_ticker_fire_interrupt  BUILD/LPC1768/ARMC6/mbed-os/targets/TARGET_NXP/TARGET_LPC176X/us_ticker.o
    0x000058b8   0x00000024   Code   RO        21144    .text.us_ticker_free  BUILD/LPC1768/ARMC6/mbed-os/targets/TARGET_NXP/TARGET_LPC176X/us_ticker.o
    0x000058dc   0x00000008   Code   RO        21130    .text.us_ticker_get_info  BUILD/LPC1768/ARMC6/mbed-os/targets/TARGET_NXP/TARGET_LPC176X/us_ticker.o
    0x000058e4   0x0000006c   Code   RO        21132    .text.us_ticker_init  BUILD/LPC1768/ARMC6/mbed-os/targets/TARGET_NXP/TARGET_LPC176X/us_ticker.o
    0x00005950   0x00000014   Code   RO        19141    .text.us_ticker_irq_handler  BUILD/LPC1768/ARMC6/mbed-os/hal/mbed_us_ticker_api.o
    0x00005964   0x0000000c   Code   RO        21136    .text.us_ticker_read  BUILD/LPC1768/ARMC6/mbed-os/targets/TARGET_NXP/TARGET_LPC176X/us_ticker.o
    0x00005970   0x00000014   Code   RO        21138    .text.us_ticker_set_interrupt  BUILD/LPC1768/ARMC6/mbed-os/targets/TARGET_NXP/TARGET_LPC176X/us_ticker.o
    0x00005984   0x0000001e   Code   RO        19961    .text.wait_us       BUILD/LPC1768/ARMC6/mbed-os/platform/mbed_wait_api_no_rtos.o
    0x000059a2   0x00000030   Code   RO        19726    .text.write         BUILD/LPC1768/ARMC6/mbed-os/platform/mbed_retarget.o
    0x000059d2   0x0000003e   Code   RO        22956    CL$$btod_d2e        c:\Users\Equinox\AppData\Local\Mbed Studio\mbed-studio-tools\ac6\bin\..\lib\armlib\c_w.l(btod.o)
    0x00005a10   0x00000046   Code   RO        22958    CL$$btod_d2e_denorm_low  c:\Users\Equinox\AppData\Local\Mbed Studio\mbed-studio-tools\ac6\bin\..\lib\armlib\c_w.l(btod.o)
    0x00005a56   0x00000060   Code   RO        22957    CL$$btod_d2e_norm_op1  c:\Users\Equinox\AppData\Local\Mbed Studio\mbed-studio-tools\ac6\bin\..\lib\armlib\c_w.l(btod.o)
    0x00005ab6   0x00000338   Code   RO        22966    CL$$btod_div_common  c:\Users\Equinox\AppData\Local\Mbed Studio\mbed-studio-tools\ac6\bin\..\lib\armlib\c_w.l(btod.o)
    0x00005dee   0x000000dc   Code   RO        22963    CL$$btod_e2e        c:\Users\Equinox\AppData\Local\Mbed Studio\mbed-studio-tools\ac6\bin\..\lib\armlib\c_w.l(btod.o)
    0x00005eca   0x0000002a   Code   RO        22960    CL$$btod_ediv       c:\Users\Equinox\AppData\Local\Mbed Studio\mbed-studio-tools\ac6\bin\..\lib\armlib\c_w.l(btod.o)
    0x00005ef4   0x0000002a   Code   RO        22959    CL$$btod_emul       c:\Users\Equinox\AppData\Local\Mbed Studio\mbed-studio-tools\ac6\bin\..\lib\armlib\c_w.l(btod.o)
    0x00005f1e   0x00000244   Code   RO        22965    CL$$btod_mult_common  c:\Users\Equinox\AppData\Local\Mbed Studio\mbed-studio-tools\ac6\bin\..\lib\armlib\c_w.l(btod.o)
    0x00006162   0x00000028   Code   RO        23067    i.__ARM_fpclassify  c:\Users\Equinox\AppData\Local\Mbed Studio\mbed-studio-tools\ac6\bin\..\lib\armlib\m_ws.l(fpclassify.o)
    0x0000618a   0x0000000e   Code   RO        22393    i._is_digit         c:\Users\Equinox\AppData\Local\Mbed Studio\mbed-studio-tools\ac6\bin\..\lib\armlib\c_w.l(__printf_wp.o)
    0x00006198   0x0000002c   Code   RO        22808    locale$$code        c:\Users\Equinox\AppData\Local\Mbed Studio\mbed-studio-tools\ac6\bin\..\lib\armlib\c_w.l(lc_ctype_c.o)
    0x000061c4   0x0000002c   Code   RO        23009    locale$$code        c:\Users\Equinox\AppData\Local\Mbed Studio\mbed-studio-tools\ac6\bin\..\lib\armlib\c_w.l(lc_numeric_c.o)
    0x000061f0   0x00000004   Code   RO        22603    x$fpl$printf1       c:\Users\Equinox\AppData\Local\Mbed Studio\mbed-studio-tools\ac6\bin\..\lib\armlib\fz_ws.l(printf1.o)
    0x000061f4   0x00000004   Code   RO        22888    x$fpl$printf2       c:\Users\Equinox\AppData\Local\Mbed Studio\mbed-studio-tools\ac6\bin\..\lib\armlib\fz_ws.l(printf2.o)
    0x000061f8   0x00000000   Code   RO        22896    x$fpl$usenofp       c:\Users\Equinox\AppData\Local\Mbed Studio\mbed-studio-tools\ac6\bin\..\lib\armlib\fz_ws.l(usenofp.o)
    0x000061f8   0x00000028   Data   RO        22381    .constdata          c:\Users\Equinox\AppData\Local\Mbed Studio\mbed-studio-tools\ac6\bin\..\lib\armlib\c_w.l(_printf_hex_int_ll_ptr.o)
    0x00006220   0x00000011   Data   RO        22401    .constdata          c:\Users\Equinox\AppData\Local\Mbed Studio\mbed-studio-tools\ac6\bin\..\lib\armlib\c_w.l(__printf_flags_ss_wp.o)
    0x00006231   0x00000003   PAD
    0x00006234   0x00000008   Data   RO        22740    .constdata          c:\Users\Equinox\AppData\Local\Mbed Studio\mbed-studio-tools\ac6\bin\..\lib\armlib\c_w.l(_printf_wctomb.o)
    0x0000623c   0x00000026   Data   RO        22931    .constdata          c:\Users\Equinox\AppData\Local\Mbed Studio\mbed-studio-tools\ac6\bin\..\lib\armlib\c_w.l(_printf_fp_hex.o)
    0x00006262   0x00000002   PAD
    0x00006264   0x00000094   Data   RO        22954    .constdata          c:\Users\Equinox\AppData\Local\Mbed Studio\mbed-studio-tools\ac6\bin\..\lib\armlib\c_w.l(bigflt0.o)
    0x000062f8   0x000000a0   Data   RO        20325    .rodata             BUILD/LPC1768/ARMC6/mbed-os/rtos/TARGET_CORTEX/rtx5/RTX/Source/rtx_lib.o
    0x00006398   0x00000024   Data   RO        21081    .rodata.PinMap_UART_CTS  BUILD/LPC1768/ARMC6/mbed-os/targets/TARGET_NXP/TARGET_LPC176X/serial_api.o
    0x000063bc   0x00000024   Data   RO        21080    .rodata.PinMap_UART_RTS  BUILD/LPC1768/ARMC6/mbed-os/targets/TARGET_NXP/TARGET_LPC176X/serial_api.o
    0x000063e0   0x0000006c   Data   RO        21077    .rodata.PinMap_UART_RX  BUILD/LPC1768/ARMC6/mbed-os/targets/TARGET_NXP/TARGET_LPC176X/serial_api.o
    0x0000644c   0x0000006c   Data   RO        21076    .rodata.PinMap_UART_TX  BUILD/LPC1768/ARMC6/mbed-os/targets/TARGET_NXP/TARGET_LPC176X/serial_api.o
    0x000064b8   0x0000005c   Data   RO        19852    .rodata._ZTV12DirectSerial  BUILD/LPC1768/ARMC6/mbed-os/platform/mbed_retarget.o
    0x00006514   0x00000008   Data   RO        19848    .rodata.__stderr_name  BUILD/LPC1768/ARMC6/mbed-os/platform/mbed_retarget.o
    0x0000651c   0x00000007   Data   RO        19846    .rodata.__stdin_name  BUILD/LPC1768/ARMC6/mbed-os/platform/mbed_retarget.o
    0x00006523   0x00000008   Data   RO        19847    .rodata.__stdout_name  BUILD/LPC1768/ARMC6/mbed-os/platform/mbed_retarget.o
    0x0000652b   0x00000001   PAD
    0x0000652c   0x00000004   Data   RO        19447    .rodata.mbed_fault_context  BUILD/LPC1768/ARMC6/mbed-os/platform/TARGET_CORTEX_M/mbed_fault_handler.o
    0x00006530   0x00000004   Data   RO        20327    .rodata.osRtxUserSVC  BUILD/LPC1768/ARMC6/mbed-os/rtos/TARGET_CORTEX/rtx5/RTX/Source/rtx_lib.o
    0x00006534   0x00000024   Data   RO        20322    .rodata.os_idle_thread_attr  BUILD/LPC1768/ARMC6/mbed-os/rtos/TARGET_CORTEX/rtx5/RTX/Source/rtx_lib.o
    0x00006558   0x00000018   Data   RO        20324    .rodata.os_timer_mq_attr  BUILD/LPC1768/ARMC6/mbed-os/rtos/TARGET_CORTEX/rtx5/RTX/Source/rtx_lib.o
    0x00006570   0x00000024   Data   RO        20323    .rodata.os_timer_thread_attr  BUILD/LPC1768/ARMC6/mbed-os/rtos/TARGET_CORTEX/rtx5/RTX/Source/rtx_lib.o
    0x00006594   0x000000a5   Data   RO        19448    .rodata.str1.1      BUILD/LPC1768/ARMC6/mbed-os/platform/TARGET_CORTEX_M/mbed_fault_handler.o
    0x00006639   0x00000013   Data   RO        20328    .rodata.str1.1      BUILD/LPC1768/ARMC6/mbed-os/rtos/TARGET_CORTEX/rtx5/RTX/Source/rtx_lib.o
    0x0000664c   0x0000000b   Data   RO        20316    .rodata.str1.4      BUILD/LPC1768/ARMC6/mbed-os/rtos/TARGET_CORTEX/rtx5/RTX/Source/rtx_kernel.o
    0x00006657   0x00000001   PAD
    0x00006658   0x00000008   Data   RO        19147    .rodata.us_data     BUILD/LPC1768/ARMC6/mbed-os/hal/mbed_us_ticker_api.o
    0x00006660   0x00000024   Data   RO        19150    .rodata.us_interface  BUILD/LPC1768/ARMC6/mbed-os/hal/mbed_us_ticker_api.o
    0x00006684   0x00000008   Data   RO        21146    .rodata.us_ticker_get_info.info  BUILD/LPC1768/ARMC6/mbed-os/targets/TARGET_NXP/TARGET_LPC176X/us_ticker.o
    0x0000668c   0x00000020   Data   RO        23187    Region$$Table       anon$$obj.o
    0x000066ac   0x00000110   Data   RO        22807    locale$$data        c:\Users\Equinox\AppData\Local\Mbed Studio\mbed-studio-tools\ac6\bin\..\lib\armlib\c_w.l(lc_ctype_c.o)
    0x000067bc   0x0000001c   Data   RO        23008    locale$$data        c:\Users\Equinox\AppData\Local\Mbed Studio\mbed-studio-tools\ac6\bin\..\lib\armlib\c_w.l(lc_numeric_c.o)


    Execution Region RW_IRAM1 (Base: 0x100000c8, Size: 0x00001ecc, Max: 0x00007b18, ABSOLUTE)

    Base Addr    Size         Type   Attr      Idx    E Section Name        Object

    0x100000c8   0x00000004   Data   RW        22460    .data               c:\Users\Equinox\AppData\Local\Mbed Studio\mbed-studio-tools\ac6\bin\..\lib\armlib\c_w.l(stdio_streams.o)
    0x100000cc   0x00000004   Data   RW        22461    .data               c:\Users\Equinox\AppData\Local\Mbed Studio\mbed-studio-tools\ac6\bin\..\lib\armlib\c_w.l(stdio_streams.o)
    0x100000d0   0x00000004   Data   RW        22462    .data               c:\Users\Equinox\AppData\Local\Mbed Studio\mbed-studio-tools\ac6\bin\..\lib\armlib\c_w.l(stdio_streams.o)
    0x100000d4   0x00000004   Data   RW        22796    .data               c:\Users\Equinox\AppData\Local\Mbed Studio\mbed-studio-tools\ac6\bin\..\lib\armlib\c_w.l(streamlock.o)
    0x100000d8   0x00000004   Data   RW        20870    .data.SystemCoreClock  BUILD/LPC1768/ARMC6/mbed-os/targets/TARGET_NXP/TARGET_LPC176X/device/system_LPC17xx.o
    0x100000dc   0x00000040   Data   RW        19858    .data._ZL11filehandles  BUILD/LPC1768/ARMC6/mbed-os/platform/mbed_retarget.o
    0x1000011c   0x00000004   Data   RW        20140    .data._ZL14idle_hook_fptr  BUILD/LPC1768/ARMC6/mbed-os/rtos/TARGET_CORTEX/mbed_rtx_idle.o
    0x10000120   0x00000004   Data   RW        19148    .data.irq_handler   BUILD/LPC1768/ARMC6/mbed-os/hal/mbed_us_ticker_api.o
    0x10000124   0x000000a4   Data   RW        20317    .data.os            BUILD/LPC1768/ARMC6/mbed-os/rtos/TARGET_CORTEX/rtx5/RTX/Source/rtx_kernel.o
    0x100001c8   0x00000054   Zero   RW        22457    .bss                c:\Users\Equinox\AppData\Local\Mbed Studio\mbed-studio-tools\ac6\bin\..\lib\armlib\c_w.l(stdio_streams.o)
    0x1000021c   0x00000054   Zero   RW        22458    .bss                c:\Users\Equinox\AppData\Local\Mbed Studio\mbed-studio-tools\ac6\bin\..\lib\armlib\c_w.l(stdio_streams.o)
    0x10000270   0x00000054   Zero   RW        22459    .bss                c:\Users\Equinox\AppData\Local\Mbed Studio\mbed-studio-tools\ac6\bin\..\lib\armlib\c_w.l(stdio_streams.o)
    0x100002c4   0x00000060   Zero   RW        22673    .bss                c:\Users\Equinox\AppData\Local\Mbed Studio\mbed-studio-tools\ac6\bin\..\lib\armlib\c_w.l(libspace.o)
    0x10000324   0x00000002   Zero   RW        19063    .bss..L_MergedGlobals  BUILD/LPC1768/ARMC6/mbed-os/hal/mbed_critical_section_api.o
    0x10000326   0x00000002   PAD
    0x10000328   0x00000030   Zero   RW        19264    .bss..L_MergedGlobals  BUILD/LPC1768/ARMC6/mbed-os/platform/FileBase.o
    0x10000358   0x00000070   Zero   RW        19618    .bss..L_MergedGlobals  BUILD/LPC1768/ARMC6/mbed-os/platform/mbed_error.o
    0x100003c8   0x00000008   Zero   RW        19859    .bss..L_MergedGlobals  BUILD/LPC1768/ARMC6/mbed-os/platform/mbed_retarget.o
    0x100003d0   0x00000054   Zero   RW        20120    .bss..L_MergedGlobals  BUILD/LPC1768/ARMC6/mbed-os/rtos/TARGET_CORTEX/mbed_rtos_rtx.o
    0x10000424   0x00000004   PAD
    0x10000428   0x00000010   Zero   RW        21082    .bss..L_MergedGlobals  BUILD/LPC1768/ARMC6/mbed-os/targets/TARGET_NXP/TARGET_LPC176X/serial_api.o
    0x10000438   0x00000001   Zero   RW        20672    .bss.PendST         BUILD/LPC1768/ARMC6/mbed-os/rtos/TARGET_CORTEX/rtx5/Source/os_systick.o
    0x10000439   0x00000003   PAD
    0x1000043c   0x00000028   Zero   RW        19851    .bss._ZL16filehandle_mutex  BUILD/LPC1768/ARMC6/mbed-os/platform/mbed_retarget.o
    0x10000464   0x00000004   PAD
    0x10000468   0x00001000   Zero   RW        20118    .bss._main_stack    BUILD/LPC1768/ARMC6/mbed-os/rtos/TARGET_CORTEX/mbed_rtos_rtx.o
    0x10001468   0x00000020   Zero   RW        20097    .bss._static_mutexes  BUILD/LPC1768/ARMC6/mbed-os/rtos/TARGET_CORTEX/TOOLCHAIN_ARM_STD/mbed_boot_arm_std.o
    0x10001488   0x000000e0   Zero   RW        20098    .bss._static_mutexes_mem  BUILD/LPC1768/ARMC6/mbed-os/rtos/TARGET_CORTEX/TOOLCHAIN_ARM_STD/mbed_boot_arm_std.o
    0x10001568   0x00000001   Zero   RW        19149    .bss._us_ticker_initialized  BUILD/LPC1768/ARMC6/mbed-os/hal/mbed_us_ticker_api.o
    0x10001569   0x00000003   PAD
    0x1000156c   0x00000004   Zero   RW        19576    .bss.critical_section_reentrancy_counter  BUILD/LPC1768/ARMC6/mbed-os/platform/mbed_critical.o
    0x10001570   0x00000002   Zero   RW        19948    .bss.deep_sleep_lock  BUILD/LPC1768/ARMC6/mbed-os/platform/mbed_sleep_manager.o
    0x10001572   0x00000001   Zero   RW        19616    .bss.error_in_progress  BUILD/LPC1768/ARMC6/mbed-os/platform/mbed_error.o
    0x10001573   0x00000005   PAD
    0x10001578   0x00000040   Zero   RW        19151    .bss.events         BUILD/LPC1768/ARMC6/mbed-os/hal/mbed_us_ticker_api.o
    0x100015b8   0x00000054   Zero   RW        19446    .bss.fault_context  BUILD/LPC1768/ARMC6/mbed-os/platform/TARGET_CORTEX_M/mbed_fault_handler.o
    0x1000160c   0x00000001   Zero   RW        19617    .bss.halt_in_progress  BUILD/LPC1768/ARMC6/mbed-os/platform/mbed_error.o
    0x1000160d   0x00000003   PAD
    0x10001610   0x00000004   Zero   RW        21079    .bss.irq_handler    BUILD/LPC1768/ARMC6/mbed-os/targets/TARGET_NXP/TARGET_LPC176X/serial_api.o
    0x10001614   0x00000004   Zero   RW        19850    .bss.mbed_heap_size  BUILD/LPC1768/ARMC6/mbed-os/platform/mbed_retarget.o
    0x10001618   0x00000004   Zero   RW        19849    .bss.mbed_heap_start  BUILD/LPC1768/ARMC6/mbed-os/platform/mbed_retarget.o
    0x1000161c   0x00000004   Zero   RW        20112    .bss.mbed_stack_isr_size  BUILD/LPC1768/ARMC6/mbed-os/rtos/TARGET_CORTEX/mbed_boot.o
    0x10001620   0x00000004   Zero   RW        20111    .bss.mbed_stack_isr_start  BUILD/LPC1768/ARMC6/mbed-os/rtos/TARGET_CORTEX/mbed_boot.o
    0x10001624   0x00000040   Zero   RW        20321    .bss.os             BUILD/LPC1768/ARMC6/mbed-os/rtos/TARGET_CORTEX/rtx5/RTX/Source/rtx_lib.o
    0x10001664   0x000001f0   Zero   RW        20096    .bss.os.libspace    BUILD/LPC1768/ARMC6/mbed-os/rtos/TARGET_CORTEX/TOOLCHAIN_ARM_STD/mbed_boot_arm_std.o
    0x10001854   0x00000034   Zero   RW        20331    .bss.os.msgqueue.cb  BUILD/LPC1768/ARMC6/mbed-os/rtos/TARGET_CORTEX/rtx5/RTX/Source/rtx_lib.o
    0x10001888   0x00000050   Zero   RW        20332    .bss.os.msgqueue.mem  BUILD/LPC1768/ARMC6/mbed-os/rtos/TARGET_CORTEX/rtx5/RTX/Source/rtx_lib.o
    0x100018d8   0x00000044   Zero   RW        20119    .bss.os.thread.cb   BUILD/LPC1768/ARMC6/mbed-os/rtos/TARGET_CORTEX/mbed_rtos_rtx.o
    0x1000191c   0x00000088   Zero   RW        20329    .bss.os.thread.cb   BUILD/LPC1768/ARMC6/mbed-os/rtos/TARGET_CORTEX/rtx5/RTX/Source/rtx_lib.o
    0x100019a4   0x00000004   PAD
    0x100019a8   0x00000500   Zero   RW        20330    .bss.os.thread.stack  BUILD/LPC1768/ARMC6/mbed-os/rtos/TARGET_CORTEX/rtx5/RTX/Source/rtx_lib.o
    0x10001ea8   0x00000001   Zero   RW        20099    .bss.os_kernel_is_active.os_kernel_active  BUILD/LPC1768/ARMC6/mbed-os/rtos/TARGET_CORTEX/TOOLCHAIN_ARM_STD/mbed_boot_arm_std.o
    0x10001ea9   0x00000003   PAD
    0x10001eac   0x00000004   Zero   RW        20132    .bss.terminate_hook  BUILD/LPC1768/ARMC6/mbed-os/rtos/TARGET_CORTEX/mbed_rtx_handlers.o
    0x10001eb0   0x000000e0   Zero   RW        21078    .bss.uart_data      BUILD/LPC1768/ARMC6/mbed-os/targets/TARGET_NXP/TARGET_LPC176X/serial_api.o
    0x10001f90   0x00000001   Zero   RW        21147    .bss.us_ticker_inited  BUILD/LPC1768/ARMC6/mbed-os/targets/TARGET_NXP/TARGET_LPC176X/us_ticker.o


    Execution Region ARM_LIB_STACK (Base: 0x10007be0, Size: 0x00000400, Max: 0x00000400, ABSOLUTE)

    Base Addr    Size         Type   Attr      Idx    E Section Name        Object

    0x10007be0   0x00000400   Zero   RW            1    ARM_LIB_STACK.bss   anon$$obj.o


    Execution Region RW_IRAM2 (Base: 0x2007c000, Size: 0x00000000, Max: 0x00004000, ABSOLUTE)

    **** No section assigned to this execution region ****


    Execution Region RW_IRAM3 (Base: 0x20080000, Size: 0x00000000, Max: 0x00004000, ABSOLUTE)

    **** No section assigned to this execution region ****


    Execution Region RW_IRAM4 (Base: 0x40038000, Size: 0x00000000, Max: 0x00000800, ABSOLUTE)

    **** No section assigned to this execution region ****


==============================================================================

Image component sizes


      Code (inc. data)   RO Data    RW Data    ZI Data      Debug   

     14066       1122       1148        240       8304        460   Object Totals
         0          0         32          0       1024          0   (incl. Generated)
        26          0          2          0         34          0   (incl. Padding)
     10246        430        556         16        348       7104   Library Totals
        16          0          5          0          0          0   (incl. Padding)

==============================================================================


      Code (inc. data)   RO Data    RW Data    ZI Data      Debug   

     24312       1552       1704        256       8652       3556   Grand Totals
     24312       1552       1704        256       8652       3556   ELF Image Totals
     24312       1552       1704        256          0          0   ROM Totals

==============================================================================

    Total RO  Size (Code + RO Data)                26016 (  25.41kB)
    Total RW  Size (RW Data + ZI Data)              8908 (   8.70kB)
    Total ROM Size (Code + RO Data + RW Data)      26272 (  25.66kB)

==============================================================================

